BerryShell: app dir = /accounts/1000/appdata/com.sw7ft.BerryShell.testDev__BerryShellf5089f54/app/native
BerryShell: work dir (cwd) = /accounts/1000/appdata/com.sw7ft.BerryShell.testDev__BerryShellf5089f54/data
QNX: writable_dir=/accounts/1000/appdata/com.sw7ft.BerryShell.testDev__BerryShellf5089f54/data TMPDIR=/accounts/1000/appdata/com.sw7ft.BerryShell.testDev__BerryShellf5089f54/data/tmp
[207180002:1:0619/150839.604245:WARNING:icu_util.cc(308)] QNX: Loading ICU data from: /accounts/1000/appdata/com.sw7ft.BerryShell.testDev__BerryShellf5089f54/app/native/icudtl.dat
[207180002:1:0619/150839.606245:WARNING:icu_util.cc(323)] QNX: ICU data file size: 10717392
[207180002:1:0619/150839.821245:WARNING:icu_util.cc(337)] QNX: ICU data loaded, passing to udata_setCommonData
[207180002:1:0619/150839.822245:WARNING:v8_initializer.cc(158)] QNX: V8 file path: /accounts/1000/appdata/com.sw7ft.BerryShell.testDev__BerryShellf5089f54/app/native/snapshot_blob.bin
[207180002:1:0619/150839.823245:WARNING:v8_initializer.cc(621)] QNX: V8 snapshot size: 285644
[207180002:1:0619/150839.829245:WARNING:v8_initializer.cc(650)] QNX: V8 snapshot loaded OK (285644 bytes)
[207180002:1:0619/150839.830245:WARNING:shell_main_delegate.cc(358)] QNX: Loading resource bundle from: /accounts/1000/appdata/com.sw7ft.BerryShell.testDev__BerryShellf5089f54/app/native/content_shell.pak
QNX GL TRACE: OzonePlatform::InitializeUI
QNX GL TRACE: EnsureSurfaceFactory creating factory
KBD:bps registered ok
QNX GL TRACE: OzonePlatform::InitializeGPU
QNX GL TRACE: ozone GetAllowedGLImplementations factory=60a2638
QNX GL: GetAllowedGLImplementations -> EGLGLES2
QNX GL TRACE: ozone allowed size=1
KBD:focus claimed OK
[207180002:10:0619/150839.937245:WARNING:qnx_screen_gl_ozone_egl.cc(171)] QNX GL: native EGL/GLES2 bindings loaded
QNX GL TRACE: ozone GetAllowedGLImplemenQNX:OzWin: buf stride=5760 size=1440x1440 fmt=9 | win size=1440x1440 bufsize=1440x1440 src=1440x1440 fmt=9
tations factory=60a2638
QNX GL: GetAllowedGLImplementations -> EGLGLES2
QNX GL TRACE: ozone allowed size=1

DevTools listening on ws://127.0.0.1:29582/devtools/browser/bd03f4a3-930e-4f89-8904-c224cc105c8b
QNX GL TRACE: CreateOffscreenGLSurface 0x0
[207180002:10:0619/150840.043245:ERROR:gpu_init.cc(192)] Vulkan not supported with in process gpu
KBD:evt type=2
KBD:evt type=2
KBD:nav code=27
KBD:nav code=0
KBD:nav code=3
KBD:nav code=3
KBD:nav code=26
KBD:evt type=12
QNX GL TRACE: CreateGLContext (forced ES2)
QNX GL TRACE: CreateGLContext -> ok
QNX:Stub:ORR:0
QNX:Stub:ORR:1 preHeadQNX:RH:0
QNX:RH:1 reqTime
QNX:RH:2 respTime
QNX:RH:3 headers
QNX:RH:3b mime
QNX:RH:4 charset
QNX:RH:5 ctpolicy
QNX:RH:6 loadtiming
QNX:RH:7 conninfo
QNX:RH:8 alpn
QNX:RH:9 proxy
QNX:RH:10 ssl
QNX:RH:11 cors
QNX:RH:12 respstart
QNX:RH:13 parsedheaders
QNX:RH:14 prefetchtoken
QNX:RH:15 dnsaliases
QNX:RH:16 webbundle
QNX:RH:17 triggerverif
QNX:RH:18 pnapreflight
QNX:RH:19 done-premove
QNX:RH:20 done-postmove
QNX:Stub:ORR:2 postHeadQNX:Stub:ORR:2b preBody
QNX:Stub:ORR:2c postBodyTake
QNX:Stub:ORR:3 postBodyQNX:Stub:ORR:4 postMetaQNX:Stub:ORR:5 preImplQNX:Stub:ORR:6 postImplQNX GL TRACE: CreateGLContext (forced ES2)
QNX GL TRACE: CreateGLContext -> ok
QNX GL TRACE: CreateViewGLSurface widget=1 win=6114e20
QNX GL TRACE: CreateViewGLSurface -> ok, EGL surface size=1440x1440
[207180002:1:0619/150858.828245:WARNING:shell.cc(777)] renderer unresponsive
KBD:evt type=12
KBD:evt type=12
QNX:RH:0
QNX:RH:1 reqTime
QNX:RH:2 respTime
QNX:RH:3 headers
QNX:RH:3b mime
QNX:RH:4 charset
QNX:RH:5 ctpolicy
QNX:RH:6 loadtiming
QNX:RH:7 conninfo
QNX:RH:8 alpn
QNX:RH:9 proxy
QNX:RH:10 ssl
QNX:RH:11 cors
QNX:RH:12 respstart
QNX:RH:13 parsedheaders
QNX:RH:14 prefetchtoken
QNX:RH:15 dnsaliases
QNX:RH:16 webbundle
QNX:RH:17 triggerverif
QNX:RH:18 pnapreflight
QNX:RH:19 done-premove
QNX:RH:20 done-postmove
KBD:evt type=2
KBD:evt type=2
KBD:evt type=2
KBD:nav code=10
KBD:evt type=2
KBD:evt type=12
KBD:evt type=100
KBD:evt type=101
KBD:evt type=102
KBD:evt type=100
KBD:evt type=102
[207180002:3:0619/150920.816245:INFO:system_trust_store.cc(345)] QNX: loaded 144 trust anchors from /accounts/1000/appdata/com.sw7ft.BerryShell.testDev__BerryShellf5089f54/app/native/root_store.certs
[207180002:3:0619/150920.817245:WARNING:ev_root_ca_metadata.cc(119)] Not implemented
[207180002:3:0619/150920.818245:ERROR:cert_verify_proc_builtin.cc(625)] No net_fetcher for performing AIA chasing.
QNX:Stub:ORR:0
QNX:Stub:ORR:1 preHeadQNX:RH:0
QNX:RH:1 reqTime
QNX:RH:2 respTime
QNX:RH:3 headers
QNX:RH:3b mime
QNX:RH:4 charset
QNX:RH:5 ctpolicy
QNX:RH:6 loadtiming
QNX:RH:7 conninfo
QNX:RH:8 alpn
QNX:RH:9 proxy
QNX:RH:10 ssl
QNX:RH:11 cors
QNX:RH:12 respstart
QNX:RH:13 parsedheaders
QNX:RH:14 prefetchtoken
QNX:RH:15 dnsaliases
QNX:RH:16 webbundle
QNX:RH:17 triggerverif
QNX:RH:18 pnapreflight
QNX:RH:19 done-premove
QNX:RH:20 done-postmove
QNX:Stub:ORR:2 postHeadQNX:Stub:ORR:2b preBody
QNX:Stub:ORR:2c postBodyTake
QNX:Stub:ORR:3 postBodyQNX:Stub:ORR:4 postMetaQNX:Stub:ORR:5 preImplQNX:Stub:ORR:6 postImplQNX:Stub:ORR:0
QNX:Stub:ORR:1 preHeadQNX:RH:0
QNX:RH:1 reqTime
QNX:RH:2 respTime
QNX:RH:3 headers
QNX:RH:3b mime
QNX:RH:4 charset
QNX:RH:5 ctpolicy
QNX:RH:6 loadtiming
QNX:RH:7 conninfo
QNX:RH:8 alpn
QNX:RH:9 proxy
QNX:RH:10 ssl
QNX:RH:11 cors
QNX:RH:12 respstart
QNX:RH:13 parsedheaders
QNX:RH:14 prefetchtoken
QNX:RH:15 dnsaliases
QNX:RH:16 webbundle
QNX:RH:17 triggerverif
QNX:RH:18 pnapreflight
QNX:RH:19 done-premove
QNX:RH:20 done-postmove
QNX:Stub:ORR:2 postHeadQNX:Stub:ORR:2b preBody
QNX:Stub:ORR:2c postBodyTake
QNX:Stub:ORR:3 postBodyQNX:Stub:ORR:4 postMetaQNX:Stub:ORR:5 preImplQNX:Stub:ORR:6 postImplQNX:RH:0
QNX:RH:1 reqTime
QNX:RH:2 respTime
QNX:RH:3 headers
QNX:RH:3b mime
QNX:RH:4 charset
QNX:RH:5 ctpolicy
QNX:RH:6 loadtiming
QNX:RH:7 conninfo
QNX:RH:8 alpn
QNX:RH:9 proxy
QNX:RH:10 ssl
QNX:RH:11 cors
QNX:RH:12 respstart
QNX:RH:13 parsedheaders
QNX:RH:14 prefetchtoken
QNX:RH:15 dnsaliases
QNX:RH:16 webbundle
QNX:RH:17 triggerverif
QNX:RH:18 pnapreflight
QNX:RH:19 done-premove
QNX:RH:20 done-postmove
KBD:evt type=12
[207180002:3:0619/150937.184245:WARNING:ev_root_ca_metadata.cc(119)] Not implemented
[207180002:3:0619/150937.187245:ERROR:cert_verify_proc_builtin.cc(625)] No net_fetcher for performing AIA chasing.
QNX:Stub:ORR:0
QNX:Stub:ORR:1 preHeadQNX:RH:0
QNX:RH:1 reqTime
QNX:RH:2 respTime
QNX:RH:3 headers
QNX:RH:3b mime
QNX:RH:4 charset
QNX:RH:5 ctpolicy
QNX:RH:6 loadtiming
QNX:RH:7 conninfo
QNX:RH:8 alpn
QNX:RH:9 proxy
QNX:RH:10 ssl
QNX:RH:11 cors
QNX:RH:12 respstart
QNX:RH:13 parsedheaders
QNX:RH:14 prefetchtoken
QNX:RH:15 dnsaliases
QNX:RH:16 webbundle
QNX:RH:17 triggerverif
QNX:RH:18 pnapreflight
QNX:RH:19 done-premove
QNX:RH:20 done-postmove
QNX:Stub:ORR:2 postHeadQNX:Stub:ORR:2b preBody
QNX:Stub:ORR:2c postBodyTake
QNX:Stub:ORR:3 postBodyQNX:Stub:ORR:4 postMetaQNX:Stub:ORR:5 preImplQNX:Stub:ORR:6 postImplQNX:Stub:ORR:0
QNX:Stub:ORR:1 preHeadQNX:RH:0
QNX:RH:1 reqTime
QNX:RH:2 respTime
QNX:RH:3 headers
QNX:RH:3b mime
QNX:RH:4 charset
QNX:RH:5 ctpolicy
QNX:RH:6 loadtiming
QNX:RH:7 conninfo
QNX:RH:8 alpn
QNX:RH:9 proxy
QNX:RH:10 ssl
QNX:RH:11 cors
QNX:RH:12 respstart
QNX:RH:13 parsedheaders
QNX:RH:14 prefetchtoken
QNX:RH:15 dnsaliases
QNX:RH:16 webbundle
QNX:RH:17 triggerverif
QNX:RH:18 pnapreflight
QNX:RH:19 done-premove
QNX:RH:20 done-postmove
QNX:Stub:ORR:2 postHeadQNX:Stub:ORR:2b preBody
QNX:Stub:ORR:2c postBodyTake
QNX:Stub:ORR:3 postBodyQNX:Stub:ORR:4 postMetaQNX:Stub:ORR:5 preImplQNX:Stub:ORR:6 postImplKBD:evt type=12
KBD:evt type=100
KBD:evt type=101
KBD:evt type=101
KBD:evt type=101
KBD:evt type=101
KBD:evt type=101
KBD:evt type=101
KBD:evt type=101
KBD:evt type=101
KBD:evt type=101
KBD:evt type=101
KBD:evt type=101
KBD:evt type=101
KBD:evt type=101
KBD:evt type=101
KBD:evt type=101
KBD:evt type=101
KBD:evt type=101
KBD:evt type=101
KBD:evt type=101
KBD:evt type=101
KBD:evt type=101
KBD:evt type=101
KBD:evt type=101
KBD:evt type=101
KBD:evt type=101
KBD:evt type=101
KBD:evt type=101
KBD:evt type=101
KBD:evt type=101
KBD:evt type=101
KBD:evt type=101
KBD:evt type=101
KBD:evt type=102
QNX:Stub:ORR:0
QNX:Stub:ORR:1 preHeadQNX:RH:0
QNX:RH:1 reqTime
QNX:RH:2 respTime
QNX:RH:3 headers
QNX:RH:3b mime
QNX:RH:4 charset
QNX:RH:5 ctpolicy
QNX:RH:6 loadtiming
QNX:RH:7 conninfo
QNX:RH:8 alpn
QNX:RH:9 proxy
QNX:RH:10 ssl
QNX:RH:11 cors
QNX:RH:12 respstart
QNX:RH:13 parsedheaders
QNX:RH:14 prefetchtoken
QNX:RH:15 dnsaliases
QNX:RH:16 webbundle
QNX:RH:17 triggerverif
QNX:RH:18 pnapreflight
QNX:RH:19 done-premove
QNX:RH:20 done-postmove
QNX:Stub:ORR:2 postHeadQNX:Stub:ORR:2b preBody
QNX:Stub:ORR:2c postBodyTake
QNX:Stub:ORR:3 postBodyQNX:Stub:ORR:4 postMetaQNX:Stub:ORR:5 preImplQNX:Stub:ORR:6 postImplQNX:Stub:ORR:0
QNX:Stub:ORR:1 preHeadQNX:RH:0
QNX:RH:1 reqTime
QNX:RH:2 respTime
QNX:RH:3 headers
QNX:RH:3b mime
QNX:RH:4 charset
QNX:RH:5 ctpolicy
QNX:RH:6 loadtiming
QNX:RH:7 conninfo
QNX:RH:8 alpn
QNX:RH:9 proxy
QNX:RH:10 ssl
QNX:RH:11 cors
QNX:RH:12 respstart
QNX:RH:13 parsedheaders
QNX:RH:14 prefetchtoken
QNX:RH:15 dnsaliases
QNX:RH:16 webbundle
QNX:RH:17 triggerverif
QNX:RH:18 pnapreflight
QNX:RH:19 done-premove
QNX:RH:20 done-postmove
QNX:Stub:ORR:2 postHeadQNX:Stub:ORR:2b preBody
QNX:Stub:ORR:2c postBodyTake
QNX:Stub:ORR:3 postBodyQNX:Stub:ORR:4 postMetaQNX:Stub:ORR:5 preImplQNX:Stub:ORR:6 postImplQNX:Stub:ORR:0
QNX:Stub:ORR:1 preHeadQNX:RH:0
QNX:RH:1 reqTime
QNX:RH:2 respTime
QNX:RH:3 headers
QNX:RH:3b mime
QNX:RH:4 charset
QNX:RH:5 ctpolicy
QNX:RH:6 loadtiming
QNX:RH:7 conninfo
QNX:RH:8 alpn
QNX:RH:9 proxy
QNX:RH:10 ssl
QNX:RH:11 cors
QNX:RH:12 respstart
QNX:RH:13 parsedheaders
QNX:RH:14 prefetchtoken
QNX:RH:15 dnsaliases
QNX:RH:16 webbundle
QNX:RH:17 triggerverif
QNX:RH:18 pnapreflight
QNX:RH:19 done-premove
QNX:RH:20 done-postmove
QNX:Stub:ORR:2 postHeadQNX:Stub:ORR:2b preBody
QNX:Stub:ORR:2c postBodyTake
QNX:Stub:ORR:3 postBodyQNX:Stub:ORR:4 postMetaQNX:Stub:ORR:5 preImplQNX:Stub:ORR:6 postImplQNX:Stub:ORR:0
QNX:Stub:ORR:1 preHeadQNX:RH:0
QNX:RH:1 reqTime
QNX:RH:2 respTime
QNX:RH:3 headers
QNX:RH:3b mime
QNX:RH:4 charset
QNX:RH:5 ctpolicy
QNX:RH:6 loadtiming
QNX:RH:7 conninfo
QNX:RH:8 alpn
QNX:RH:9 proxy
QNX:RH:10 ssl
QNX:RH:11 cors
QNX:RH:12 respstart
QNX:RH:13 parsedheaders
QNX:RH:14 prefetchtoken
QNX:RH:15 dnsaliases
QNX:RH:16 webbundle
QNX:RH:17 triggerverif
QNX:RH:18 pnapreflight
QNX:RH:19 done-premove
QNX:RH:20 done-postmove
QNX:Stub:ORR:2 postHeadQNX:Stub:ORR:2b preBody
QNX:Stub:ORR:2c postBodyTake
QNX:Stub:ORR:3 postBodyQNX:Stub:ORR:4 postMetaQNX:Stub:ORR:5 preImplQNX:Stub:ORR:6 postImplQNX:Stub:ORR:0
QNX:Stub:ORR:1 preHeadQNX:RH:0
QNX:RH:1 reqTime
QNX:RH:2 respTime
QNX:RH:3 headers
QNX:RH:3b mime
QNX:RH:4 charset
QNX:RH:5 ctpolicy
QNX:RH:6 loadtiming
QNX:RH:7 conninfo
QNX:RH:8 alpn
QNX:RH:9 proxy
QNX:RH:10 ssl
QNX:RH:11 cors
QNX:RH:12 respstart
QNX:RH:13 parsedheaders
QNX:RH:14 prefetchtoken
QNX:RH:15 dnsaliases
QNX:RH:16 webbundle
QNX:RH:17 triggerverif
QNX:RH:18 pnapreflight
QNX:RH:19 done-premove
QNX:RH:20 done-postmove
QNX:Stub:ORR:2 postHeadQNX:Stub:ORR:2b preBody
QNX:Stub:ORR:2c postBodyTake
QNX:Stub:ORR:3 postBodyQNX:Stub:ORR:4 postMetaQNX:Stub:ORR:5 preImplQNX:Stub:ORR:6 postImplQNX:Stub:ORR:0
QNX:Stub:ORR:1 preHeadQNX:RH:0
QNX:RH:1 reqTime
QNX:RH:2 respTime
QNX:RH:3 headers
QNX:RH:3b mime
QNX:RH:4 charset
QNX:RH:5 ctpolicy
QNX:RH:6 loadtiming
QNX:RH:7 conninfo
QNX:RH:8 alpn
QNX:RH:9 proxy
QNX:RH:10 ssl
QNX:RH:11 cors
QNX:RH:12 respstart
QNX:RH:13 parsedheaders
QNX:RH:14 prefetchtoken
QNX:RH:15 dnsaliases
QNX:RH:16 webbundle
QNX:RH:17 triggerverif
QNX:RH:18 pnapreflight
QNX:RH:19 done-premove
QNX:RH:20 done-postmove
QNX:Stub:ORR:2 postHeadQNX:Stub:ORR:2b preBody
QNX:Stub:ORR:2c postBodyTake
QNX:Stub:ORR:3 postBodyQNX:Stub:ORR:4 postMetaQNX:Stub:ORR:5 preImplQNX:Stub:ORR:6 postImplKBD:evt type=12
[207180002:3:0619/150949.049245:WARNING:ev_root_ca_metadata.cc(119)] Not implemented
[207180002:3:0619/150949.070245:ERROR:cert_verify_proc_builtin.cc(625)] No net_fetcher for performing AIA chasing.
QNX:Stub:ORR:0
QNX:Stub:ORR:1 preHeadQNX:RH:0
QNX:RH:1 reqTime
QNX:RH:2 respTime
QNX:RH:3 headers
QNX:RH:3b mime
QNX:RH:4 charset
QNX:RH:5 ctpolicy
QNX:RH:6 loadtiming
QNX:RH:7 conninfo
QNX:RH:8 alpn
QNX:RH:9 proxy
QNX:RH:10 ssl
QNX:RH:11 cors
QNX:RH:12 respstart
QNX:RH:13 parsedheaders
QNX:RH:14 prefetchtoken
QNX:RH:15 dnsaliases
QNX:RH:16 webbundle
QNX:RH:17 triggerverif
QNX:RH:18 pnapreflight
QNX:RH:19 done-premove
QNX:RH:20 done-postmove
QNX:Stub:ORR:2 postHeadQNX:Stub:ORR:2b preBody
QNX:Stub:ORR:2c postBodyTake
QNX:Stub:ORR:3 postBodyQNX:Stub:ORR:4 postMetaQNX:Stub:ORR:5 preImplQNX:Stub:ORR:6 postImplQNX:Stub:ORR:0
QNX:Stub:ORR:1 preHeadQNX:RH:0
QNX:RH:1 reqTime
QNX:RH:2 respTime
QNX:RH:3 headers
QNX:RH:3b mime
QNX:RH:4 charset
QNX:RH:5 ctpolicy
QNX:RH:6 loadtiming
QNX:RH:7 conninfo
QNX:RH:8 alpn
QNX:RH:9 proxy
QNX:RH:10 ssl
QNX:RH:11 cors
QNX:RH:12 respstart
QNX:RH:13 parsedheaders
QNX:RH:14 prefetchtoken
QNX:RH:15 dnsaliases
QNX:RH:16 webbundle
QNX:RH:17 triggerverif
QNX:RH:18 pnapreflight
QNX:RH:19 done-premove
QNX:RH:20 done-postmove
QNX:Stub:ORR:2 postHeadQNX:Stub:ORR:2b preBody
QNX:Stub:ORR:2c postBodyTake
QNX:Stub:ORR:3 postBodyQNX:Stub:ORR:4 postMetaQNX:Stub:ORR:5 preImplQNX:Stub:ORR:6 postImpl[207180002:5:0619/150950.965245:WARNING:ev_root_ca_metadata.cc(119)] Not implemented
[207180002:5:0619/150950.965245:ERROR:cert_verify_proc_builtin.cc(625)] No net_fetcher for performing AIA chasing.
QNX:Stub:ORR:0
QNX:Stub:ORR:1 preHeadQNX:RH:0
QNX:RH:1 reqTime
QNX:RH:2 respTime
QNX:RH:3 headers
QNX:RH:3b mime
QNX:RH:4 charset
QNX:RH:5 ctpolicy
QNX:RH:6 loadtiming
QNX:RH:7 conninfo
QNX:RH:8 alpn
QNX:RH:9 proxy
QNX:RH:10 ssl
QNX:RH:11 cors
QNX:RH:12 respstart
QNX:RH:13 parsedheaders
QNX:RH:14 prefetchtoken
QNX:RH:15 dnsaliases
QNX:RH:16 webbundle
QNX:RH:17 triggerverif
QNX:RH:18 pnapreflight
QNX:RH:19 done-premove
QNX:RH:20 done-postmove
QNX:Stub:ORR:2 postHeadQNX:Stub:ORR:2b preBody
QNX:Stub:ORR:2c postBodyTake
QNX:Stub:ORR:3 postBodyQNX:Stub:ORR:4 postMetaQNX:Stub:ORR:5 preImplQNX:Stub:ORR:6 postImplQNX:Stub:ORR:0
QNX:Stub:ORR:1 preHeadQNX:RH:0
QNX:RH:1 reqTime
QNX:RH:2 respTime
QNX:RH:3 headers
QNX:RH:3b mime
QNX:RH:4 charset
QNX:RH:5 ctpolicy
QNX:RH:6 loadtiming
QNX:RH:7 conninfo
QNX:RH:8 alpn
QNX:RH:9 proxy
QNX:RH:10 ssl
QNX:RH:11 cors
QNX:RH:12 respstart
QNX:RH:13 parsedheaders
QNX:RH:14 prefetchtoken
QNX:RH:15 dnsaliases
QNX:RH:16 webbundle
QNX:RH:17 triggerverif
QNX:RH:18 pnapreflight
QNX:RH:19 done-premove
QNX:RH:20 done-postmove
QNX:Stub:ORR:2 postHeadQNX:Stub:ORR:2b preBody
QNX:Stub:ORR:2c postBodyTake
QNX:Stub:ORR:3 postBodyQNX:Stub:ORR:4 postMetaQNX:Stub:ORR:5 preImplQNX:Stub:ORR:6 postImplKBD:evt type=12
KBD:evt type=100
KBD:evt type=101
KBD:evt type=101
KBD:evt type=101
KBD:evt type=101
KBD:evt type=101
KBD:evt type=101
KBD:evt type=101
KBD:evt type=101
KBD:evt type=101
KBD:evt type=101
KBD:evt type=101
KBD:evt type=101
KBD:evt type=101
KBD:evt type=101
KBD:evt type=101
KBD:evt type=101
KBD:evt type=101
KBD:evt type=101
KBD:evt type=101
KBD:evt type=101
KBD:evt type=101
KBD:evt type=101
KBD:evt type=101
KBD:evt type=101
KBD:evt type=101
KBD:evt type=101
KBD:evt type=101
KBD:evt type=101
KBD:evt type=101
KBD:evt type=101
KBD:evt type=101
KBD:evt type=101
KBD:evt type=101
KBD:evt type=101
KBD:evt type=101
KBD:evt type=101
KBD:evt type=101
KBD:evt type=101
KBD:evt type=101
KBD:evt type=101
KBD:evt type=101
KBD:evt type=101
KBD:evt type=101
KBD:evt type=101
KBD:evt type=101
KBD:evt type=101
KBD:evt type=101
KBD:evt type=101
KBD:evt type=101
KBD:evt type=101
KBD:evt type=101
KBD:evt type=101
KBD:evt type=101
KBD:evt type=101
KBD:evt type=101
KBD:evt type=101
KBD:evt type=101
KBD:evt type=101
KBD:evt type=101
KBD:evt type=101
KBD:evt type=101
KBD:evt type=101
KBD:evt type=101
KBD:evt type=101
KBD:evt type=101
KBD:evt type=101
KBD:evt type=102
QNX:Stub:ORR:0
QNX:Stub:ORR:1 preHeadQNX:RH:0
QNX:RH:1 reqTime
QNX:RH:2 respTime
QNX:RH:3 headers
QNX:RH:3b mime
QNX:RH:4 charset
QNX:RH:5 ctpolicy
QNX:RH:6 loadtiming
QNX:RH:7 conninfo
QNX:RH:8 alpn
QNX:RH:9 proxy
QNX:RH:10 ssl
QNX:RH:11 cors
QNX:RH:12 respstart
QNX:RH:13 parsedheaders
QNX:RH:14 prefetchtoken
QNX:RH:15 dnsaliases
QNX:RH:16 webbundle
QNX:RH:17 triggerverif
QNX:RH:18 pnapreflight
QNX:RH:19 done-premove
QNX:RH:20 done-postmove
QNX:Stub:ORR:2 postHeadQNX:Stub:ORR:2b preBody
QNX:Stub:ORR:2c postBodyTake
QNX:Stub:ORR:3 postBodyQNX:Stub:ORR:4 postMetaQNX:Stub:ORR:5 preImplQNX:Stub:ORR:6 postImplQNX:Stub:ORR:0
QNX:Stub:ORR:1 preHeadQNX:RH:0
QNX:RH:1 reqTime
QNX:RH:2 respTime
QNX:RH:3 headers
QNX:RH:3b mime
QNX:RH:4 charset
QNX:RH:5 ctpolicy
QNX:RH:6 loadtiming
QNX:RH:7 conninfo
QNX:RH:8 alpn
QNX:RH:9 proxy
QNX:RH:10 ssl
QNX:RH:11 cors
QNX:RH:12 respstart
QNX:RH:13 parsedheaders
QNX:RH:14 prefetchtoken
QNX:RH:15 dnsaliases
QNX:RH:16 webbundle
QNX:RH:17 triggerverif
QNX:RH:18 pnapreflight
QNX:RH:19 done-premove
QNX:RH:20 done-postmove
QNX:Stub:ORR:2 postHeadQNX:Stub:ORR:2b preBody
QNX:Stub:ORR:2c postBodyTake
QNX:Stub:ORR:3 postBodyQNX:Stub:ORR:4 postMetaQNX:Stub:ORR:5 preImplQNX:Stub:ORR:6 postImplQNX:Stub:ORR:0
QNX:Stub:ORR:1 preHeadQNX:RH:0
QNX:RH:1 reqTime
QNX:RH:2 respTime
QNX:RH:3 headers
QNX:RH:3b mime
QNX:RH:4 charset
QNX:RH:5 ctpolicy
QNX:RH:6 loadtiming
QNX:RH:7 conninfo
QNX:RH:8 alpn
QNX:RH:9 proxy
QNX:RH:10 ssl
QNX:RH:11 cors
QNX:RH:12 respstart
QNX:RH:13 parsedheaders
QNX:RH:14 prefetchtoken
QNX:RH:15 dnsaliases
QNX:RH:16 webbundle
QNX:RH:17 triggerverif
QNX:RH:18 pnapreflight
QNX:RH:19 done-premove
QNX:RH:20 done-postmove
QNX:Stub:ORR:2 postHeadQNX:Stub:ORR:2b preBody
QNX:Stub:ORR:2c postBodyTake
QNX:Stub:ORR:3 postBodyQNX:Stub:ORR:4 postMetaQNX:Stub:ORR:5 preImplQNX:Stub:ORR:6 postImplQNX:Stub:ORR:0
QNX:Stub:ORR:1 preHeadQNX:RH:0
QNX:RH:1 reqTime
QNX:RH:2 respTime
QNX:RH:3 headers
QNX:RH:3b mime
QNX:RH:4 charset
QNX:RH:5 ctpolicy
QNX:RH:6 loadtiming
QNX:RH:7 conninfo
QNX:RH:8 alpn
QNX:RH:9 proxy
QNX:RH:10 ssl
QNX:RH:11 cors
QNX:RH:12 respstart
QNX:RH:13 parsedheaders
QNX:RH:14 prefetchtoken
QNX:RH:15 dnsaliases
QNX:RH:16 webbundle
QNX:RH:17 triggerverif
QNX:RH:18 pnapreflight
QNX:RH:19 done-premove
QNX:RH:20 done-postmove
QNX:Stub:ORR:2 postHeadQNX:Stub:ORR:2b preBody
QNX:Stub:ORR:2c postBodyTake
QNX:Stub:ORR:3 postBodyQNX:Stub:ORR:4 postMetaQNX:Stub:ORR:5 preImplQNX:Stub:ORR:6 postImplKBD:evt type=100
KBD:evt type=101
KBD:evt type=101
KBD:evt type=102
KBD:evt type=100
KBD:evt type=101
KBD:evt type=101
KBD:evt type=101
KBD:evt type=101
KBD:evt type=101
KBD:evt type=101
KBD:evt type=101
KBD:evt type=101
KBD:evt type=101
KBD:evt type=101
KBD:evt type=101
KBD:evt type=101
KBD:evt type=101
KBD:evt type=101
KBD:evt type=101
KBD:evt type=101
KBD:evt type=101
KBD:evt type=101
KBD:evt type=101
KBD:evt type=101
KBD:evt type=101
KBD:evt type=101
KBD:evt type=101
KBD:evt type=101
KBD:evt type=101
KBD:evt type=101
KBD:evt type=101
KBD:evt type=101
KBD:evt type=101
KBD:evt type=101
KBD:evt type=101
KBD:evt type=101
KBD:evt type=101
KBD:evt type=101
KBD:evt type=101
KBD:evt type=101
KBD:evt type=101
KBD:evt type=101
KBD:evt type=101
KBD:evt type=101
KBD:evt type=101
KBD:evt type=101
KBD:evt type=101
KBD:evt type=101
KBD:evt type=101
KBD:evt type=101
KBD:evt type=101
KBD:evt type=101
KBD:evt type=101
KBD:evt type=101
KBD:evt type=101
KBD:evt type=101
KBD:evt type=101
KBD:evt type=101
KBD:evt type=101
KBD:evt type=101
KBD:evt type=101
KBD:evt type=101
KBD:evt type=101
KBD:evt type=101
KBD:evt type=101
KBD:evt type=101
KBD:evt type=101
KBD:evt type=101
KBD:evt type=101
KBD:evt type=101
KBD:evt type=101
KBD:evt type=101
KBD:evt type=101
KBD:evt type=101
KBD:evt type=101
KBD:evt type=101
KBD:evt type=101
KBD:evt type=101
KBD:evt type=101
KBD:evt type=101
KBD:evt type=101
KBD:evt type=101
KBD:evt type=101
KBD:evt type=101
KBD:evt type=101
KBD:evt type=101
KBD:evt type=101
KBD:evt type=101
KBD:evt type=101
KBD:evt type=101
KBD:evt type=101
KBD:evt type=101
KBD:evt type=101
KBD:evt type=101
KBD:evt type=101
KBD:evt type=101
KBD:evt type=101
KBD:evt type=101
KBD:evt type=101
KBD:evt type=101
KBD:evt type=101
KBD:evt type=101
KBD:evt type=101
KBD:evt type=101
KBD:evt type=101
KBD:evt type=101
KBD:evt type=102
KBD:evt type=100
KBD:evt type=101
KBD:evt type=101
KBD:evt type=101
KBD:evt type=101
KBD:evt type=101
KBD:evt type=101
KBD:evt type=101
KBD:evt type=101
KBD:evt type=101
KBD:evt type=101
KBD:evt type=101
KBD:evt type=101
KBD:evt type=101
KBD:evt type=101
KBD:evt type=101
KBD:evt type=101
KBD:evt type=101
KBD:evt type=101
KBD:evt type=101
KBD:evt type=101
KBD:evt type=101
KBD:evt type=101
KBD:evt type=101
QNX:Stub:ORR:0
QNX:Stub:ORR:1 preHeadQNX:RH:0
QNX:RH:1 reqTime
KBD:evt type=101
QNX:RH:2 respTime
QNX:RH:3 headers
KBD:evt type=101
QNX:RH:3b mime
QNX:RH:4 charset
KBD:evt type=101
QNX:RH:5 ctpolicy
QNX:RH:6 loadtiming
QNX:RH:7 conninfo
KBD:evt type=101
QNX:RH:8 alpn
QNX:RH:9 proxy
QNX:RH:10 ssl
KBD:evt type=101
QNX:RH:11 cors
QNX:RH:12 respstart
KBD:evt type=101
QNX:RH:13 parsedheaders
QNX:RH:14 prefetchtoken
KBD:evt type=101
QNX:RH:15 dnsaliases
KBD:evt type=101
QNX:RH:16 webbundle
QNX:RH:17 triggerverif
KBD:evt type=101
QNX:RH:18 pnapreflight
QNX:RH:19 done-premove
QNX:RH:20 done-postmove
QNX:Stub:ORR:2 postHeadKBD:evt type=101
QNX:Stub:ORR:2b preBody
QNX:Stub:ORR:2c postBodyTake
QNX:Stub:ORR:3 postBodyQNX:Stub:ORR:4 postMetaKBD:evt type=101
QNX:Stub:ORR:5 preImplKBD:evt type=101
KBD:evt type=101
QNX:Stub:ORR:6 postImplKBD:evt type=101
KBD:evt type=101
KBD:evt type=101
KBD:evt type=101
KBD:evt type=101
KBD:evt type=101
KBD:evt type=101
KBD:evt type=101
KBD:evt type=101
QNX:Stub:ORR:0
QNX:Stub:ORR:1 preHeadQNX:RH:0
QNX:RH:1 reqTime
QNX:RH:2 respTime
QNX:RH:3 headers
QNX:RH:3b mime
QNX:RH:4 charset
QNX:RH:5 ctpolicy
QNX:RH:6 loadtiming
QNX:RH:7 conninfo
QNX:RH:8 alpn
QNX:RH:9 proxy
QNX:RH:10 ssl
QNX:RH:11 cors
QNX:RH:12 respstart
QNX:RH:13 parsedheaders
QNX:RH:14 prefetchtoken
QNX:RH:15 dnsaliases
QNX:RH:16 webbundle
QNX:RH:17 triggerverif
QNX:RH:18 pnapreflight
QNX:RH:19 done-premove
QNX:RH:20 done-postmove
QNX:Stub:ORR:2 postHeadQNX:Stub:ORR:2b preBody
QNX:Stub:ORR:2c postBodyTake
QNX:Stub:ORR:3 postBodyQNX:Stub:ORR:4 postMetaQNX:Stub:ORR:5 preImplQNX:Stub:ORR:6 postImplQNX:SYNC:wait tid=12 name=5 excl=0 iface=blink.mojom.StorageArea
QNX:SYNC:done tid=12 name=5 recv=1 iface=blink.mojom.StorageArea
QNX:Stub:ORR:0
QNX:Stub:ORR:1 preHeadQNX:RH:0
QNX:RH:1 reqTime
QNX:RH:2 respTime
QNX:RH:3 headers
QNX:RH:3b mime
QNX:RH:4 charset
QNX:RH:5 ctpolicy
QNX:RH:6 loadtiming
QNX:RH:7 conninfo
QNX:RH:8 alpn
QNX:RH:9 proxy
QNX:RH:10 ssl
QNX:RH:11 cors
QNX:RH:12 respstart
QNX:RH:13 parsedheaders
QNX:RH:14 prefetchtoken
QNX:RH:15 dnsaliases
QNX:RH:16 webbundle
QNX:RH:17 triggerverif
QNX:RH:18 pnapreflight
QNX:RH:19 done-premove
QNX:RH:20 done-postmove
QNX:Stub:ORR:2 postHeadQNX:Stub:ORR:2b preBody
QNX:Stub:ORR:2c postBodyTake
QNX:Stub:ORR:3 postBodyQNX:Stub:ORR:4 postMetaQNX:Stub:ORR:5 preImplQNX:Stub:ORR:6 postImplQNX:Stub:ORR:0
QNX:Stub:ORR:1 preHeadQNX:RH:0
QNX:RH:1 reqTime
QNX:RH:2 respTime
QNX:RH:3 headers
QNX:RH:3b mime
QNX:RH:4 charset
QNX:RH:5 ctpolicy
QNX:RH:6 loadtiming
QNX:RH:7 conninfo
QNX:RH:8 alpn
QNX:RH:9 proxy
QNX:RH:10 ssl
QNX:RH:11 cors
QNX:RH:12 respstart
QNX:RH:13 parsedheaders
QNX:RH:14 prefetchtoken
QNX:RH:15 dnsaliases
QNX:RH:16 webbundle
QNX:RH:17 triggerverif
QNX:RH:18 pnapreflight
QNX:RH:19 done-premove
QNX:RH:20 done-postmove
QNX:Stub:ORR:2 postHeadQNX:Stub:ORR:2b preBody
QNX:Stub:ORR:2c postBodyTake
QNX:Stub:ORR:3 postBodyQNX:Stub:ORR:4 postMetaQNX:Stub:ORR:5 preImplQNX:Stub:ORR:6 postImplQNX:SYNC:wait tid=12 name=5 excl=0 iface=blink.mojom.StorageArea
QNX:SYNC:done tid=12 name=5 recv=1 iface=blink.mojom.StorageArea
QNX:SYNC:wait tid=12 name=4 excl=0 iface=network.mojom.RestrictedCookieManager

QNX:CRASH tid=a sig=?(10) code=1 fault=0x7bb8dca8 pc=0x3274782 lr=0x3274721 sp=0x7bb8d940
QNX:PC /accounts/1000/appdata/com.sw7ft.BerryShell.testDev__BerryShellf5089f54/app/native/content_shell:_ZStplIcSt11char_traitsIcESaIcEESbIT_T0_T1_EPKS3_RKS6_+0x2657055
QNX:LR /accounts/1000/appdata/com.sw7ft.BerryShell.testDev__BerryShellf5089f54/app/native/content_shell:_ZStplIcSt11char_traitsIcESaIcEESbIT_T0_T1_EPKS3_RKS6_+0x2656ff4
QNX:EXEBASE 0x10000 /accounts/1000/appdata/com.sw7ft.BerryShell.testDev__BerryShellf5089f54/app/native/content_shell
QNX:R0-3 0x0 0x7bb8d9d0 0x0 0x7bb8dad0
QNX:R4-7 0x7bb8dca8 0x7bb8d978 0x7bb8dbc8 0x7bb8da88
QNX:R8-11 0x7bb8d988 0x7bb8dc30 0x7bb8db50 0x7bb8d958
QNX:R12-15 0x7bb8d9a8 0x7bb8d940 0x3274721 0x3274782
QNX:STACKABS: c0400 32b8d00 6ce948 6ce6a8 32a8c98 6ce6a8 32b8838 3249f82 32a8b44 32b54ae 32b5350 3253b10 324e708 323dcea 323d8c8 83400 c4c340 c4c344 1c0000 32501e8 1c0000 32501e8 1c0000 32501e8 32501e8 1c0000 32501e8 1c0000 32501e8
Received signal 10 BUS_ADRALN 00007bb8dca8
[end of stack trace]
