BerryShell: app dir = /accounts/1000/appdata/com.sw7ft.BerryShell.testDev__BerryShellf5089f54/app/native
BerryShell: work dir (cwd) = /accounts/1000/appdata/com.sw7ft.BerryShell.testDev__BerryShellf5089f54/data
QNX: writable_dir=/accounts/1000/appdata/com.sw7ft.BerryShell.testDev__BerryShellf5089f54/data TMPDIR=/accounts/1000/appdata/com.sw7ft.BerryShell.testDev__BerryShellf5089f54/data/tmp
[75444457:1:0619/054310.125560:WARNING:icu_util.cc(308)] QNX: Loading ICU data from: /accounts/1000/appdata/com.sw7ft.BerryShell.testDev__BerryShellf5089f54/app/native/icudtl.dat
[75444457:1:0619/054310.130560:WARNING:icu_util.cc(323)] QNX: ICU data file size: 10717392
[75444457:1:0619/054310.318560:WARNING:icu_util.cc(337)] QNX: ICU data loaded, passing to udata_setCommonData
[75444457:1:0619/054310.323560:WARNING:v8_initializer.cc(158)] QNX: V8 file path: /accounts/1000/appdata/com.sw7ft.BerryShell.testDev__BerryShellf5089f54/app/native/snapshot_blob.bin
[75444457:1:0619/054310.324560:WARNING:v8_initializer.cc(621)] QNX: V8 snapshot size: 285644
[75444457:1:0619/054310.330560:WARNING:v8_initializer.cc(650)] QNX: V8 snapshot loaded OK (285644 bytes)
[75444457:1:0619/054310.333560:WARNING:shell_main_delegate.cc(358)] QNX: Loading resource bundle from: /accounts/1000/appdata/com.sw7ft.BerryShell.testDev__BerryShellf5089f54/app/native/content_shell.pak
QNX GL TRACE: OzonePlatform::InitializeUI
QNX GL TRACE: EnsureSurfaceFactory creating factory
KBD:bps registered ok
QNX GL TRACE: OzonePlatform::InitializeGPU
QNX GL TRACE: ozone GetAllowedGLImplementations factory=6095248
QNX GL: GetAllowedGLImplementations -> EGLGLES2
QNX GL TRACE: ozone allowed size=1
[75444457:10:0619/054310.823560:WARNING:qnx_screen_gl_ozone_egl.cc(143)] QNX GL: native EGL/GLES2 bindings loaded
QNX GL TRACE: ozone GetAllowedGLImplementations factory=6095248
QNX GL: GetAllowedGLImplementations -> EGLGLES2
QNX GL TRACE: ozone allowed size=1
QNX GL TRACE: CreateOffscreenGLSurface 0x0
[75444457:10:0619/054310.978560:ERROR:gpu_init.cc(192)] Vulkan not supported with in process gpu
KBD:focus claimed OK

DevTools listening on ws://127.0.0.1:53992/devtools/browser/f953ce9e-68a3-4cad-9247-ec86bb7a6076
KBD:evt type=2
KBD:evt type=2
KBD:evt type=12
KBD:nav code=27
KBD:nav code=0
KBD:nav code=3
KBD:nav code=36
KBD:nav code=26
QNX GL TRACE: CreateGLContext (forced ES2)
QNX GL TRACE: CreateGLContext -> ok
QNX GL TRACE: CreateGLContext (forced ES2)
QNX GL TRACE: CreateGLContext -> ok
QNX GL TRACE: CreateViewGLSurface widget=1 win=616d050
QNX GL TRACE: CreateViewGLSurface -> ok
[75444457:1:0619/054329.728560:WARNING:shell.cc(777)] renderer unresponsive
QNX:Stub:ORR:0
QNX:Stub:ORR:1 preHeadQNX:RH:0
QNX:RH:1 reqTime
QNX:RH:2 respTime
QNX:RH:3 headers
QNX:RH:3b mime
QNX:RH:4 charset
QNX:RH:5 ctpolicy
QNX:RH:6 loadtiming
QNX:RH:7 conninfo
QNX:RH:8 alpn
QNX:RH:9 proxy
QNX:RH:10 ssl
QNX:RH:11 cors
QNX:RH:12 respstart
QNX:RH:13 parsedheaders
QNX:RH:14 prefetchtoken
QNX:RH:15 dnsaliases
QNX:RH:16 webbundle
QNX:RH:17 triggerverif
QNX:RH:18 pnapreflight
QNX:RH:19 done-premove
QNX:RH:20 done-postmove
QNX:Stub:ORR:2 postHeadQNX:Stub:ORR:2b preBody
QNX:Stub:ORR:2c postBodyTake
QNX:Stub:ORR:3 postBodyQNX:Stub:ORR:4 postMetaQNX:Stub:ORR:5 preImplQNX:Stub:ORR:6 postImplKBD:evt type=12
QNX:RH:0
QNX:RH:1 reqTime
QNX:RH:2 respTime
QNX:RH:3 headers
QNX:RH:3b mime
QNX:RH:4 charset
QNX:RH:5 ctpolicy
QNX:RH:6 loadtiming
QNX:RH:7 conninfo
QNX:RH:8 alpn
QNX:RH:9 proxy
QNX:RH:10 ssl
QNX:RH:11 cors
QNX:RH:12 respstart
QNX:RH:13 parsedheaders
QNX:RH:14 prefetchtoken
QNX:RH:15 dnsaliases
QNX:RH:16 webbundle
QNX:RH:17 triggerverif
QNX:RH:18 pnapreflight
QNX:RH:19 done-premove
QNX:RH:20 done-postmove
KBD:evt type=2
KBD:evt type=2
KBD:evt type=2
KBD:nav code=10
KBD:evt type=2
KBD:evt type=12
KBD:evt type=12
KBD:evt type=100
KBD:evt type=101
KBD:evt type=101
KBD:evt type=101
KBD:evt type=101
KBD:evt type=101
KBD:evt type=101
KBD:evt type=102
KBD:evt type=100
KBD:evt type=101
KBD:evt type=101
KBD:evt type=101
KBD:evt type=101
KBD:evt type=101
KBD:evt type=101
KBD:evt type=101
KBD:evt type=101
KBD:evt type=101
KBD:evt type=101
KBD:evt type=101
KBD:evt type=102
KBD:evt type=100
KBD:evt type=101
KBD:evt type=101
KBD:evt type=101
KBD:evt type=101
KBD:evt type=101
KBD:evt type=101
KBD:evt type=101
KBD:evt type=102
KBD:evt type=100
KBD:evt type=101
KBD:evt type=101
KBD:evt type=102
KBD:evt type=100
KBD:evt type=101
KBD:evt type=101
KBD:evt type=101
KBD:evt type=101
KBD:evt type=101
KBD:evt type=102
KBD:evt type=100
KBD:evt type=101
KBD:evt type=101
KBD:evt type=101
KBD:evt type=101
KBD:evt type=101
KBD:evt type=101
KBD:evt type=101
KBD:evt type=102
KBD:evt type=100
KBD:evt type=101
KBD:evt type=101
KBD:evt type=101
KBD:evt type=101
KBD:evt type=101
KBD:evt type=101
KBD:evt type=101
KBD:evt type=101
KBD:evt type=101
KBD:evt type=101
KBD:evt type=101
KBD:evt type=101
KBD:evt type=102
[75444457:3:0619/054352.960560:INFO:system_trust_store.cc(345)] QNX: loaded 144 trust anchors from /accounts/1000/appdata/com.sw7ft.BerryShell.testDev__BerryShellf5089f54/app/native/root_store.certs
[75444457:3:0619/054352.965560:WARNING:ev_root_ca_metadata.cc(119)] Not implemented
[75444457:3:0619/054352.966560:ERROR:cert_verify_proc_builtin.cc(625)] No net_fetcher for performing AIA chasing.
KBD:evt type=12
KBD:evt type=12
KBD:evt type=100
KBD:evt type=101
KBD:evt type=101
KBD:evt type=101
KBD:evt type=101
KBD:evt type=101
KBD:evt type=101
KBD:evt type=101
KBD:evt type=101
KBD:evt type=101
KBD:evt type=101
KBD:evt type=101
KBD:evt type=101
KBD:evt type=101
KBD:evt type=101
KBD:evt type=101
KBD:evt type=101
KBD:evt type=101
KBD:evt type=101
KBD:evt type=101
KBD:evt type=101
KBD:evt type=101
KBD:evt type=101
KBD:evt type=101
KBD:evt type=101
KBD:evt type=101
KBD:evt type=101
KBD:evt type=101
KBD:evt type=101
KBD:evt type=101
KBD:evt type=101
KBD:evt type=101
KBD:evt type=101
KBD:evt type=101
KBD:evt type=101
KBD:evt type=101
KBD:evt type=101
KBD:evt type=101
KBD:evt type=101
KBD:evt type=101
KBD:evt type=101
KBD:evt type=101
KBD:evt type=101
KBD:evt type=101
KBD:evt type=101
KBD:evt type=101
KBD:evt type=101
KBD:evt type=101
KBD:evt type=101
KBD:evt type=101
KBD:evt type=101
KBD:evt type=101
KBD:evt type=101
KBD:evt type=101
KBD:evt type=101
KBD:evt type=101
KBD:evt type=101
KBD:evt type=101
KBD:evt type=102
KBD:evt type=100
KBD:evt type=101
KBD:evt type=102
KBD:evt type=100
KBD:evt type=101
KBD:evt type=101
KBD:evt type=102
KBD:evt type=100
KBD:evt type=101
KBD:evt type=101
KBD:evt type=102
KBD:evt type=100
KBD:evt type=101
KBD:evt type=101
KBD:evt type=102
KBD:evt type=100
KBD:evt type=101
KBD:evt type=101
KBD:evt type=101
KBD:evt type=101
KBD:evt type=101
KBD:evt type=101
KBD:evt type=101
KBD:evt type=102
KBD:evt type=100
KBD:evt type=101
KBD:evt type=102
KBD:evt type=100
KBD:evt type=101
KBD:evt type=101
KBD:evt type=101
KBD:evt type=101
KBD:evt type=101
KBD:evt type=101
KBD:evt type=101
KBD:evt type=101
KBD:evt type=102
KBD:evt type=100
KBD:evt type=101
KBD:evt type=101
KBD:evt type=101
KBD:evt type=101
KBD:evt type=101
KBD:evt type=101
KBD:evt type=101
KBD:evt type=101
KBD:evt type=101
KBD:evt type=101
KBD:evt type=101
KBD:evt type=101
KBD:evt type=101
KBD:evt type=101
KBD:evt type=101
KBD:evt type=101
KBD:evt type=101
KBD:evt type=101
KBD:evt type=101
KBD:evt type=101
KBD:evt type=101
KBD:evt type=101
KBD:evt type=101
KBD:evt type=101
KBD:evt type=101
KBD:evt type=101
KBD:evt type=101
KBD:evt type=101
KBD:evt type=101
KBD:evt type=101
KBD:evt type=101
KBD:evt type=101
KBD:evt type=101
KBD:evt type=101
KBD:evt type=101
KBD:evt type=101
KBD:evt type=101
KBD:evt type=101
KBD:evt type=101
KBD:evt type=101
KBD:evt type=101
KBD:evt type=101
KBD:evt type=101
KBD:evt type=102
KBD:evt type=2
KBD:nav code=3
KBD:evt type=2
KBD:evt type=2
KBD:nav code=11
KBD:evt type=2
KBD:evt type=2
KBD:evt type=2
KBD:nav code=28
KBD:evt type=2
KBD:evt type=2
KBD:evt type=2
KBD:nav code=10
KBD:nav code=29
KBD:evt type=2
KBD:nav code=3
KBD:evt type=12
KBD:evt type=12
KBD:evt type=100
KBD:evt type=101
KBD:evt type=101
KBD:evt type=101
KBD:evt type=101
KBD:evt type=101
KBD:evt type=101
KBD:evt type=101
KBD:evt type=101
KBD:evt type=101
KBD:evt type=101
KBD:evt type=101
KBD:evt type=101
KBD:evt type=102
KBD:evt type=100
KBD:evt type=101
KBD:evt type=101
KBD:evt type=101
KBD:evt type=101
KBD:evt type=101
KBD:evt type=101
KBD:evt type=101
KBD:evt type=101
KBD:evt type=101
KBD:evt type=101
KBD:evt type=101
KBD:evt type=101
KBD:evt type=101
KBD:evt type=101
KBD:evt type=101
KBD:evt type=101
KBD:evt type=102
KBD:evt type=7
KBD:key sym=0xf00d down=1 vk=13 mods=0x0 valid=1
KBD:evt type=7
KBD:key sym=0xf00d down=0 vk=13 mods=0x0 valid=1
KBD:evt type=7
KBD:key sym=0x20 down=1 vk=32 mods=0x0 valid=1
KBD:evt type=7
KBD:key sym=0x20 down=0 vk=32 mods=0x0 valid=1
KBD:evt type=100
KBD:evt type=101
KBD:evt type=101
KBD:evt type=101
KBD:evt type=101
KBD:evt type=101
KBD:evt type=102
KBD:evt type=100
KBD:evt type=101
KBD:evt type=101
KBD:evt type=102
KBD:evt type=100
KBD:evt type=101
KBD:evt type=101
KBD:evt type=101
KBD:evt type=101
KBD:evt type=101
KBD:evt type=101
KBD:evt type=101
KBD:evt type=101
KBD:evt type=101
KBD:evt type=101
KBD:evt type=101
KBD:evt type=101
KBD:evt type=101
KBD:evt type=101
KBD:evt type=101
KBD:evt type=101
KBD:evt type=101
KBD:evt type=101
KBD:evt type=101
KBD:evt type=101
KBD:evt type=101
KBD:evt type=101
KBD:evt type=101
KBD:evt type=101
KBD:evt type=101
KBD:evt type=101
KBD:evt type=101
KBD:evt type=101
KBD:evt type=101
KBD:evt type=101
KBD:evt type=101
KBD:evt type=101
KBD:evt type=101
KBD:evt type=101
KBD:evt type=101
KBD:evt type=101
KBD:evt type=101
KBD:evt type=101
KBD:evt type=101
KBD:evt type=102
KBD:evt type=100
KBD:evt type=101
KBD:evt type=101
KBD:evt type=101
KBD:evt type=101
KBD:evt type=101
KBD:evt type=101
KBD:evt type=101
KBD:evt type=101
KBD:evt type=101
KBD:evt type=102
KBD:evt type=100
KBD:evt type=101
KBD:evt type=101
KBD:evt type=101
KBD:evt type=101
KBD:evt type=101
KBD:evt type=101
KBD:evt type=101
KBD:evt type=101
KBD:evt type=101
KBD:evt type=101
KBD:evt type=101
KBD:evt type=101
KBD:evt type=101
KBD:evt type=101
KBD:evt type=101
KBD:evt type=101
KBD:evt type=101
KBD:evt type=101
KBD:evt type=101
KBD:evt type=101
KBD:evt type=101
KBD:evt type=101
KBD:evt type=101
KBD:evt type=101
KBD:evt type=101
KBD:evt type=101
KBD:evt type=101
KBD:evt type=101
KBD:evt type=101
KBD:evt type=101
KBD:evt type=101
KBD:evt type=101
KBD:evt type=101
KBD:evt type=101
KBD:evt type=101
KBD:evt type=101
KBD:evt type=101
KBD:evt type=101
KBD:evt type=101
KBD:evt type=101
KBD:evt type=101
KBD:evt type=101
KBD:evt type=101
KBD:evt type=101
KBD:evt type=101
KBD:evt type=101
KBD:evt type=101
KBD:evt type=101
KBD:evt type=101
KBD:evt type=101
KBD:evt type=101
KBD:evt type=101
KBD:evt type=101
KBD:evt type=101
KBD:evt type=101
KBD:evt type=101
KBD:evt type=101
KBD:evt type=101
KBD:evt type=101
KBD:evt type=101
KBD:evt type=101
KBD:evt type=101
KBD:evt type=101
KBD:evt type=101
KBD:evt type=101
KBD:evt type=101
KBD:evt type=101
KBD:evt type=101
KBD:evt type=101
KBD:evt type=101
KBD:evt type=101
KBD:evt type=101
KBD:evt type=101
KBD:evt type=101
KBD:evt type=101
KBD:evt type=101
KBD:evt type=101
KBD:evt type=101
KBD:evt type=101
KBD:evt type=101
KBD:evt type=101
KBD:evt type=101
KBD:evt type=101
KBD:evt type=101
KBD:evt type=101
KBD:evt type=101
KBD:evt type=101
KBD:evt type=101
KBD:evt type=101
KBD:evt type=101
KBD:evt type=101
KBD:evt type=101
KBD:evt type=101
KBD:evt type=101
KBD:evt type=101
KBD:evt type=101
KBD:evt type=101
KBD:evt type=101
KBD:evt type=101
KBD:evt type=102
KBD:evt type=100
KBD:evt type=101
KBD:evt type=101
KBD:evt type=101
KBD:evt type=101
KBD:evt type=101
KBD:evt type=101
KBD:evt type=101
KBD:evt type=101
KBD:evt type=101
KBD:evt type=101
KBD:evt type=101
KBD:evt type=101
KBD:evt type=101
KBD:evt type=101
KBD:evt type=101
KBD:evt type=101
KBD:evt type=101
KBD:evt type=101
KBD:evt type=101
KBD:evt type=101
KBD:evt type=101
KBD:evt type=101
KBD:evt type=101
KBD:evt type=101
KBD:evt type=101
KBD:evt type=101
KBD:evt type=101
KBD:evt type=101
KBD:evt type=101
KBD:evt type=101
KBD:evt type=101
KBD:evt type=101
KBD:evt type=101
KBD:evt type=101
KBD:evt type=101
KBD:evt type=101
KBD:evt type=101
KBD:evt type=101
KBD:evt type=101
KBD:evt type=101
KBD:evt type=101
KBD:evt type=101
KBD:evt type=101
KBD:evt type=101
KBD:evt type=101
KBD:evt type=101
KBD:evt type=101
KBD:evt type=101
KBD:evt type=101
KBD:evt type=101
KBD:evt type=101
KBD:evt type=101
KBD:evt type=101
KBD:evt type=101
KBD:evt type=101
KBD:evt type=101
KBD:evt type=102
KBD:evt type=100
KBD:evt type=101
KBD:evt type=101
KBD:evt type=101
KBD:evt type=101
KBD:evt type=101
KBD:evt type=101
KBD:evt type=101
KBD:evt type=101
KBD:evt type=102
KBD:evt type=100
KBD:evt type=101
KBD:evt type=101
KBD:evt type=101
KBD:evt type=101
KBD:evt type=101
KBD:evt type=101
KBD:evt type=101
KBD:evt type=101
KBD:evt type=101
KBD:evt type=101
KBD:evt type=102
KBD:evt type=100
KBD:evt type=101
KBD:evt type=101
KBD:evt type=101
KBD:evt type=101
KBD:evt type=101
KBD:evt type=101
KBD:evt type=101
KBD:evt type=101
KBD:evt type=102
KBD:evt type=100
KBD:evt type=101
KBD:evt type=102
KBD:evt type=100
KBD:evt type=101
KBD:evt type=101
KBD:evt type=101
KBD:evt type=101
KBD:evt type=102
KBD:evt type=100
KBD:evt type=101
KBD:evt type=101
KBD:evt type=101
KBD:evt type=101
KBD:evt type=101
KBD:evt type=101
KBD:evt type=101
KBD:evt type=102
KBD:evt type=100
KBD:evt type=101
KBD:evt type=101
KBD:evt type=101
KBD:evt type=101
KBD:evt type=102
KBD:evt type=100
KBD:evt type=101
KBD:evt type=101
KBD:evt type=101
KBD:evt type=101
KBD:evt type=101
KBD:evt type=101
KBD:evt type=101
KBD:evt type=101
KBD:evt type=101
KBD:evt type=102
KBD:evt type=100
KBD:evt type=101
KBD:evt type=101
KBD:evt type=101
KBD:evt type=101
KBD:evt type=101
KBD:evt type=101
KBD:evt type=101
KBD:evt type=101
KBD:evt type=102
KBD:evt type=100
KBD:evt type=101
KBD:evt type=101
KBD:evt type=101
KBD:evt type=101
KBD:evt type=101
KBD:evt type=101
KBD:evt type=101
KBD:evt type=101
KBD:evt type=101
KBD:evt type=102
KBD:evt type=100
KBD:evt type=101
KBD:evt type=102
KBD:evt type=12
KBD:evt type=12
KBD:evt type=100
KBD:evt type=101
KBD:evt type=101
KBD:evt type=101
KBD:evt type=101
KBD:evt type=101
KBD:evt type=101
KBD:evt type=101
KBD:evt type=101
KBD:evt type=102
KBD:evt type=100
KBD:evt type=101
KBD:evt type=101
KBD:evt type=101
KBD:evt type=102
KBD:evt type=100
KBD:evt type=101
KBD:evt type=101
KBD:evt type=101
KBD:evt type=101
KBD:evt type=101
KBD:evt type=101
KBD:evt type=101
KBD:evt type=101
KBD:evt type=101
KBD:evt type=101
KBD:evt type=101
KBD:evt type=102
