BerryShell: app dir = /accounts/1000/appdata/com.sw7ft.BerryShell.testDev__BerryShellf5089f54/app/native
BerryShell: work dir (cwd) = /accounts/1000/appdata/com.sw7ft.BerryShell.testDev__BerryShellf5089f54/data
QNX: writable_dir=/accounts/1000/appdata/com.sw7ft.BerryShell.testDev__BerryShellf5089f54/data TMPDIR=/accounts/1000/appdata/com.sw7ft.BerryShell.testDev__BerryShellf5089f54/data/tmp
[264540386:1:0619/191816.123711:WARNING:icu_util.cc(308)] QNX: Loading ICU data from: /accounts/1000/appdata/com.sw7ft.BerryShell.testDev__BerryShellf5089f54/app/native/icudtl.dat
[264540386:1:0619/191816.128711:WARNING:icu_util.cc(323)] QNX: ICU data file size: 10717392
[264540386:1:0619/191816.339711:WARNING:icu_util.cc(337)] QNX: ICU data loaded, passing to udata_setCommonData
[264540386:1:0619/191816.344711:WARNING:v8_initializer.cc(158)] QNX: V8 file path: /accounts/1000/appdata/com.sw7ft.BerryShell.testDev__BerryShellf5089f54/app/native/snapshot_blob.bin
[264540386:1:0619/191816.345711:WARNING:v8_initializer.cc(621)] QNX: V8 snapshot size: 285644
[264540386:1:0619/191816.353711:WARNING:v8_initializer.cc(650)] QNX: V8 snapshot loaded OK (285644 bytes)
[264540386:1:0619/191816.360711:WARNING:shell_main_delegate.cc(358)] QNX: Loading resource bundle from: /accounts/1000/appdata/com.sw7ft.BerryShell.testDev__BerryShellf5089f54/app/native/content_shell.pak
QNX GL TRACE: OzonePlatform::InitializeUI
QNX GL TRACE: EnsureSurfaceFactory creating factory
KBD:bps registered ok
QNX GL TRACE: OzonePlatform::InitializeGPU
QNX GL TRACE: ozone GetAllowedGLImplementations factory=620c218
QNX GL: GetAllowedGLImplementations -> EGLGLES2
QNX GL TRACE: ozone allowed size=1
[264540386:10:0619/191816.941711:WARNING:qnx_screen_gl_ozone_egl.cc(171)] QNX GL: native EGL/GLES2 bindings loaded
QNX GL TRACE: ozone GetAllowedGLImplementations factory=620c218
QNX GL: GetAllowedGLImplementations -> EGLGLES2
QNX GL TRACE: ozone allowed size=1
QNX GL TRACE: CreateOffscreenGLSurface 0x0
[264540386:10:0619/191817.107711:ERROR:gpu_init.cc(192)] Vulkan not supported with in process gpu
KBD:focus claimed OK
QNX:OzWin: buf stride=5760 size=1440x1440 fmt=9 | win size=1440x1440 bufsize=1440x1440 src=1440x1440 fmt=9

DevTools listening on ws://127.0.0.1:43263/devtools/browser/60a9b3a1-ea31-43ef-93b6-e75bf7628c0c
KBD:evt type=2
KBD:evt type=2
KBD:evt type=12
KBD:nav code=27
KBD:nav code=0
KBD:nav code=3
KBD:nav code=26
QNX GL TRACE: CreateGLContext (forced ES2)
QNX GL TRACE: CreateGLContext -> ok
QNX GL TRACE: CreateGLContext (forced ES2)
QNX GL TRACE: CreateGLContext -> ok
QNX GL TRACE: CreateViewGLSurface widget=1 win=61ec050
QNX GL TRACE: CreateViewGLSurface -> ok, EGL surface size=1440x1440
[264540386:1:0619/191835.885711:WARNING:shell.cc(777)] renderer unresponsive
QNX:Stub:ORR:0
QNX:Stub:ORR:1 preHeadQNX:RH:0
QNX:RH:1 reqTime
QNX:RH:2 respTime
QNX:RH:3 headers
QNX:RH:3b mime
QNX:RH:4 charset
QNX:RH:5 ctpolicy
QNX:RH:6 loadtiming
QNX:RH:7 conninfo
QNX:RH:8 alpn
QNX:RH:9 proxy
QNX:RH:10 ssl
QNX:RH:11 cors
QNX:RH:12 respstart
QNX:RH:13 parsedheaders
QNX:RH:14 prefetchtoken
QNX:RH:15 dnsaliases
QNX:RH:16 webbundle
QNX:RH:17 triggerverif
QNX:RH:18 pnapreflight
QNX:RH:19 done-premove
QNX:RH:20 done-postmove
QNX:Stub:ORR:2 postHeadQNX:Stub:ORR:2b preBody
QNX:Stub:ORR:2c postBodyTake
QNX:Stub:ORR:3 postBodyQNX:Stub:ORR:4 postMetaQNX:Stub:ORR:5 preImplQNX:Stub:ORR:6 postImplQNX:RH:0
QNX:RH:1 reqTime
QNX:RH:2 respTime
QNX:RH:3 headers
QNX:RH:3b mime
QNX:RH:4 charset
QNX:RH:5 ctpolicy
QNX:RH:6 loadtiming
QNX:RH:7 conninfo
QNX:RH:8 alpn
QNX:RH:9 proxy
QNX:RH:10 ssl
QNX:RH:11 cors
QNX:RH:12 respstart
QNX:RH:13 parsedheaders
QNX:RH:14 prefetchtoken
QNX:RH:15 dnsaliases
QNX:RH:16 webbundle
QNX:RH:17 triggerverif
QNX:RH:18 pnapreflight
QNX:RH:19 done-premove
QNX:RH:20 done-postmove
KBD:evt type=2
KBD:evt type=2
KBD:evt type=2
KBD:nav code=10
KBD:evt type=2
KBD:evt type=12
KBD:evt type=100
KBD:evt type=101
KBD:evt type=101
KBD:evt type=101
KBD:evt type=101
KBD:evt type=101
KBD:evt type=101
KBD:evt type=101
KBD:evt type=101
KBD:evt type=101
KBD:evt type=101
KBD:evt type=101
KBD:evt type=101
KBD:evt type=101
KBD:evt type=101
KBD:evt type=101
KBD:evt type=101
KBD:evt type=101
KBD:evt type=101
KBD:evt type=101
KBD:evt type=101
KBD:evt type=101
KBD:evt type=101
KBD:evt type=101
KBD:evt type=101
KBD:evt type=101
KBD:evt type=101
KBD:evt type=101
KBD:evt type=101
KBD:evt type=101
KBD:evt type=101
KBD:evt type=101
KBD:evt type=101
KBD:evt type=101
KBD:evt type=101
KBD:evt type=101
KBD:evt type=101
KBD:evt type=101
KBD:evt type=101
KBD:evt type=101
KBD:evt type=101
KBD:evt type=101
KBD:evt type=101
KBD:evt type=101
KBD:evt type=101
KBD:evt type=101
KBD:evt type=101
KBD:evt type=101
KBD:evt type=101
KBD:evt type=101
KBD:evt type=101
KBD:evt type=101
KBD:evt type=101
KBD:evt type=101
KBD:evt type=101
KBD:evt type=101
KBD:evt type=102
KBD:evt type=100
KBD:evt type=101
KBD:evt type=101
KBD:evt type=101
KBD:evt type=101
KBD:evt type=101
KBD:evt type=102
KBD:evt type=100
KBD:evt type=101
KBD:evt type=101
KBD:evt type=101
KBD:evt type=102
KBD:evt type=100
KBD:evt type=101
KBD:evt type=101
KBD:evt type=101
KBD:evt type=101
KBD:evt type=101
KBD:evt type=101
KBD:evt type=102
KBD:evt type=100
KBD:evt type=101
KBD:evt type=101
KBD:evt type=101
KBD:evt type=101
KBD:evt type=101
KBD:evt type=101
KBD:evt type=101
KBD:evt type=101
KBD:evt type=101
KBD:evt type=102
KBD:evt type=12
[264540386:3:0619/191904.387711:INFO:system_trust_store.cc(345)] QNX: loaded 144 trust anchors from /accounts/1000/appdata/com.sw7ft.BerryShell.testDev__BerryShellf5089f54/app/native/root_store.certs
[264540386:3:0619/191904.390711:WARNING:ev_root_ca_metadata.cc(119)] Not implemented
[264540386:3:0619/191904.390711:ERROR:cert_verify_proc_builtin.cc(625)] No net_fetcher for performing AIA chasing.
QNX:Stub:ORR:0
QNX:Stub:ORR:1 preHeadQNX:RH:0
QNX:RH:1 reqTime
QNX:RH:2 respTime
QNX:RH:3 headers
QNX:RH:3b mime
QNX:RH:4 charset
QNX:RH:5 ctpolicy
QNX:RH:6 loadtiming
QNX:RH:7 conninfo
QNX:RH:8 alpn
QNX:RH:9 proxy
QNX:RH:10 ssl
QNX:RH:11 cors
QNX:RH:12 respstart
QNX:RH:13 parsedheaders
QNX:RH:14 prefetchtoken
QNX:RH:15 dnsaliases
QNX:RH:16 webbundle
QNX:RH:17 triggerverif
QNX:RH:18 pnapreflight
QNX:RH:19 done-premove
QNX:RH:20 done-postmove
QNX:Stub:ORR:2 postHeadQNX:Stub:ORR:2b preBody
QNX:Stub:ORR:2c postBodyTake
QNX:Stub:ORR:3 postBodyQNX:Stub:ORR:4 postMetaQNX:Stub:ORR:5 preImplQNX:Stub:ORR:6 postImplQNX:Stub:ORR:0
QNX:Stub:ORR:1 preHeadQNX:RH:0
QNX:RH:1 reqTime
QNX:RH:2 respTime
QNX:RH:3 headers
QNX:RH:3b mime
QNX:RH:4 charset
QNX:RH:5 ctpolicy
QNX:RH:6 loadtiming
QNX:RH:7 conninfo
QNX:RH:8 alpn
QNX:RH:9 proxy
QNX:RH:10 ssl
QNX:RH:11 cors
QNX:RH:12 respstart
QNX:RH:13 parsedheaders
QNX:RH:14 prefetchtoken
QNX:RH:15 dnsaliases
QNX:RH:16 webbundle
QNX:RH:17 triggerverif
QNX:RH:18 pnapreflight
QNX:RH:19 done-premove
QNX:RH:20 done-postmove
QNX:Stub:ORR:2 postHeadQNX:Stub:ORR:2b preBody
QNX:Stub:ORR:2c postBodyTake
QNX:Stub:ORR:3 postBodyQNX:Stub:ORR:4 postMetaQNX:Stub:ORR:5 preImplQNX:Stub:ORR:6 postImplQNX:RH:0
QNX:RH:1 reqTime
QNX:RH:2 respTime
QNX:RH:3 headers
QNX:RH:3b mime
QNX:RH:4 charset
QNX:RH:5 ctpolicy
QNX:RH:6 loadtiming
QNX:RH:7 conninfo
QNX:RH:8 alpn
QNX:RH:9 proxy
QNX:RH:10 ssl
QNX:RH:11 cors
QNX:RH:12 respstart
QNX:RH:13 parsedheaders
QNX:RH:14 prefetchtoken
QNX:RH:15 dnsaliases
QNX:RH:16 webbundle
QNX:RH:17 triggerverif
QNX:RH:18 pnapreflight
QNX:RH:19 done-premove
QNX:RH:20 done-postmove
KBD:evt type=12
KBD:evt type=100
KBD:evt type=101
KBD:evt type=101
KBD:evt type=101
KBD:evt type=101
KBD:evt type=101
KBD:evt type=101
KBD:evt type=101
KBD:evt type=101
KBD:evt type=101
KBD:evt type=101
KBD:evt type=101
KBD:evt type=101
KBD:evt type=101
KBD:evt type=101
KBD:evt type=101
KBD:evt type=101
KBD:evt type=101
KBD:evt type=101
KBD:evt type=102
KBD:evt type=100
KBD:evt type=102
KBD:evt type=100
KBD:evt type=102
[264540386:3:0619/191923.954711:WARNING:ev_root_ca_metadata.cc(119)] Not implemented
[264540386:3:0619/191923.970711:ERROR:cert_verify_proc_builtin.cc(625)] No net_fetcher for performing AIA chasing.
QNX:Stub:ORR:0
QNX:Stub:ORR:1 preHeadQNX:RH:0
QNX:RH:1 reqTime
QNX:RH:2 respTime
QNX:RH:3 headers
QNX:RH:3b mime
QNX:RH:4 charset
QNX:RH:5 ctpolicy
QNX:RH:6 loadtiming
QNX:RH:7 conninfo
QNX:RH:8 alpn
QNX:RH:9 proxy
QNX:RH:10 ssl
QNX:RH:11 cors
QNX:RH:12 respstart
QNX:RH:13 parsedheaders
QNX:RH:14 prefetchtoken
QNX:RH:15 dnsaliases
QNX:RH:16 webbundle
QNX:RH:17 triggerverif
QNX:RH:18 pnapreflight
QNX:RH:19 done-premove
QNX:RH:20 done-postmove
QNX:Stub:ORR:2 postHeadQNX:Stub:ORR:2b preBody
QNX:Stub:ORR:2c postBodyTake
QNX:Stub:ORR:3 postBodyQNX:Stub:ORR:4 postMetaQNX:Stub:ORR:5 preImplQNX:Stub:ORR:6 postImplQNX:Stub:ORR:0
QNX:Stub:ORR:1 preHeadQNX:RH:0
QNX:RH:1 reqTime
QNX:RH:2 respTime
QNX:RH:3 headers
QNX:RH:3b mime
QNX:RH:4 charset
QNX:RH:5 ctpolicy
QNX:RH:6 loadtiming
QNX:RH:7 conninfo
QNX:RH:8 alpn
QNX:RH:9 proxy
QNX:RH:10 ssl
QNX:RH:11 cors
QNX:RH:12 respstart
QNX:RH:13 parsedheaders
QNX:RH:14 prefetchtoken
QNX:RH:15 dnsaliases
QNX:RH:16 webbundle
QNX:RH:17 triggerverif
QNX:RH:18 pnapreflight
QNX:RH:19 done-premove
QNX:RH:20 done-postmove
QNX:Stub:ORR:2 postHeadQNX:Stub:ORR:2b preBody
QNX:Stub:ORR:2c postBodyTake
QNX:Stub:ORR:3 postBodyQNX:Stub:ORR:4 postMetaQNX:Stub:ORR:5 preImplQNX:Stub:ORR:6 postImplQNX:Stub:ORR:0
QNX:Stub:ORR:1 preHeadQNX:RH:0
QNX:RH:1 reqTime
QNX:RH:2 respTime
QNX:RH:3 headers
QNX:RH:3b mime
QNX:RH:4 charset
QNX:RH:5 ctpolicy
QNX:RH:6 loadtiming
QNX:RH:7 conninfo
QNX:RH:8 alpn
QNX:RH:9 proxy
QNX:RH:10 ssl
QNX:RH:11 cors
QNX:RH:12 respstart
QNX:RH:13 parsedheaders
QNX:RH:14 prefetchtoken
QNX:RH:15 dnsaliases
QNX:RH:16 webbundle
QNX:RH:17 triggerverif
QNX:RH:18 pnapreflight
QNX:RH:19 done-premove
QNX:RH:20 done-postmove
QNX:Stub:ORR:2 postHeadQNX:Stub:ORR:2b preBody
QNX:Stub:ORR:2c postBodyTake
QNX:Stub:ORR:3 postBodyQNX:Stub:ORR:4 postMetaQNX:Stub:ORR:5 preImplQNX:Stub:ORR:6 postImplQNX:Stub:ORR:0
QNX:Stub:ORR:1 preHeadQNX:RH:0
QNX:RH:1 reqTime
QNX:RH:2 respTime
QNX:RH:3 headers
QNX:RH:3b mime
QNX:RH:4 charset
QNX:RH:5 ctpolicy
QNX:RH:6 loadtiming
QNX:RH:7 conninfo
QNX:RH:8 alpn
QNX:RH:9 proxy
QNX:RH:10 ssl
QNX:RH:11 cors
QNX:RH:12 respstart
QNX:RH:13 parsedheaders
QNX:RH:14 prefetchtoken
QNX:RH:15 dnsaliases
QNX:RH:16 webbundle
QNX:RH:17 triggerverif
QNX:RH:18 pnapreflight
QNX:RH:19 done-premove
QNX:RH:20 done-postmove
QNX:Stub:ORR:2 postHeadQNX:Stub:ORR:2b preBody
QNX:Stub:ORR:2c postBodyTake
QNX:Stub:ORR:3 postBodyQNX:Stub:ORR:4 postMetaQNX:Stub:ORR:5 preImplQNX:Stub:ORR:6 postImplKBD:evt type=12
QNX:Stub:ORR:0
QNX:Stub:ORR:1 preHeadQNX:RH:0
QNX:RH:1 reqTime
QNX:RH:2 respTime
QNX:RH:3 headers
QNX:RH:3b mime
QNX:RH:4 charset
QNX:RH:5 ctpolicy
QNX:RH:6 loadtiming
QNX:RH:7 conninfo
QNX:RH:8 alpn
QNX:RH:9 proxy
QNX:RH:10 ssl
QNX:RH:11 cors
QNX:RH:12 respstart
QNX:RH:13 parsedheaders
QNX:RH:14 prefetchtoken
QNX:RH:15 dnsaliases
QNX:RH:16 webbundle
QNX:RH:17 triggerverif
QNX:RH:18 pnapreflight
QNX:RH:19 done-premove
QNX:RH:20 done-postmove
QNX:Stub:ORR:2 postHeadQNX:Stub:ORR:2b preBody
QNX:Stub:ORR:2c postBodyTake
QNX:Stub:ORR:3 postBodyQNX:Stub:ORR:4 postMetaQNX:Stub:ORR:5 preImplQNX:Stub:ORR:6 postImplQNX:Stub:ORR:0
QNX:Stub:ORR:1 preHeadQNX:RH:0
QNX:RH:1 reqTime
QNX:RH:2 respTime
QNX:RH:3 headers
QNX:RH:3b mime
QNX:RH:4 charset
QNX:RH:5 ctpolicy
QNX:RH:6 loadtiming
QNX:RH:7 conninfo
QNX:RH:8 alpn
QNX:RH:9 proxy
QNX:RH:10 ssl
QNX:RH:11 cors
QNX:RH:12 respstart
QNX:RH:13 parsedheaders
QNX:RH:14 prefetchtoken
QNX:RH:15 dnsaliases
QNX:RH:16 webbundle
QNX:RH:17 triggerverif
QNX:RH:18 pnapreflight
QNX:RH:19 done-premove
QNX:RH:20 done-postmove
QNX:Stub:ORR:2 postHeadQNX:Stub:ORR:2b preBody
QNX:Stub:ORR:2c postBodyTake
QNX:Stub:ORR:3 postBodyQNX:Stub:ORR:4 postMetaQNX:Stub:ORR:5 preImplQNX:Stub:ORR:6 postImplQNX:Stub:ORR:0
QNX:Stub:ORR:1 preHeadQNX:RH:0
QNX:RH:1 reqTime
QNX:RH:2 respTime
QNX:RH:3 headers
QNX:RH:3b mime
QNX:RH:4 charset
QNX:RH:5 ctpolicy
QNX:RH:6 loadtiming
QNX:RH:7 conninfo
QNX:RH:8 alpn
QNX:RH:9 proxy
QNX:RH:10 ssl
QNX:RH:11 cors
QNX:RH:12 respstart
QNX:RH:13 parsedheaders
QNX:RH:14 prefetchtoken
QNX:RH:15 dnsaliases
QNX:RH:16 webbundle
QNX:RH:17 triggerverif
QNX:RH:18 pnapreflight
QNX:RH:19 done-premove
QNX:RH:20 done-postmove
QNX:Stub:ORR:2 postHeadQNX:Stub:ORR:2b preBody
QNX:Stub:ORR:2c postBodyTake
QNX:Stub:ORR:3 postBodyQNX:Stub:ORR:4 postMetaQNX:Stub:ORR:5 preImplQNX:Stub:ORR:6 postImplQNX:Stub:ORR:0
QNX:Stub:ORR:1 preHeadQNX:RH:0
QNX:RH:1 reqTime
QNX:RH:2 respTime
QNX:RH:3 headers
QNX:RH:3b mime
QNX:RH:4 charset
QNX:RH:5 ctpolicy
QNX:RH:6 loadtiming
QNX:RH:7 conninfo
QNX:RH:8 alpn
QNX:RH:9 proxy
QNX:RH:10 ssl
QNX:RH:11 cors
QNX:RH:12 respstart
QNX:RH:13 parsedheaders
QNX:RH:14 prefetchtoken
QNX:RH:15 dnsaliases
QNX:RH:16 webbundle
QNX:RH:17 triggerverif
QNX:RH:18 pnapreflight
QNX:RH:19 done-premove
QNX:RH:20 done-postmove
QNX:Stub:ORR:2 postHeadQNX:Stub:ORR:2b preBody
QNX:Stub:ORR:2c postBodyTake
QNX:Stub:ORR:3 postBodyQNX:Stub:ORR:4 postMetaQNX:Stub:ORR:5 preImplQNX:Stub:ORR:6 postImplQNX:Stub:ORR:0
QNX:Stub:ORR:1 preHeadQNX:RH:0
QNX:RH:1 reqTime
QNX:RH:2 respTime
QNX:RH:3 headers
QNX:RH:3b mime
QNX:RH:4 charset
QNX:RH:5 ctpolicy
QNX:RH:6 loadtiming
QNX:RH:7 conninfo
QNX:RH:8 alpn
QNX:RH:9 proxy
QNX:RH:10 ssl
QNX:RH:11 cors
QNX:RH:12 respstart
QNX:RH:13 parsedheaders
QNX:RH:14 prefetchtoken
QNX:RH:15 dnsaliases
QNX:RH:16 webbundle
QNX:RH:17 triggerverif
QNX:RH:18 pnapreflight
QNX:RH:19 done-premove
QNX:RH:20 done-postmove
QNX:Stub:ORR:2 postHeadQNX:Stub:ORR:2b preBody
QNX:Stub:ORR:2c postBodyTake
QNX:Stub:ORR:3 postBodyQNX:Stub:ORR:4 postMetaQNX:Stub:ORR:5 preImplQNX:Stub:ORR:6 postImplQNX:Stub:ORR:0
QNX:Stub:ORR:1 preHeadQNX:RH:0
QNX:RH:1 reqTime
QNX:RH:2 respTime
QNX:RH:3 headers
QNX:RH:3b mime
QNX:RH:4 charset
QNX:RH:5 ctpolicy
QNX:RH:6 loadtiming
QNX:RH:7 conninfo
QNX:RH:8 alpn
QNX:RH:9 proxy
QNX:RH:10 ssl
QNX:RH:11 cors
QNX:RH:12 respstart
QNX:RH:13 parsedheaders
QNX:RH:14 prefetchtoken
QNX:RH:15 dnsaliases
QNX:RH:16 webbundle
QNX:RH:17 triggerverif
QNX:RH:18 pnapreflight
QNX:RH:19 done-premove
QNX:RH:20 done-postmove
QNX:Stub:ORR:2 postHeadQNX:Stub:ORR:2b preBody
QNX:Stub:ORR:2c postBodyTake
QNX:Stub:ORR:3 postBodyQNX:Stub:ORR:4 postMetaQNX:Stub:ORR:5 preImplQNX:Stub:ORR:6 postImpl[264540386:3:0619/191934.774711:WARNING:ev_root_ca_metadata.cc(119)] Not implemented
[264540386:3:0619/191934.774711:ERROR:cert_verify_proc_builtin.cc(625)] No net_fetcher for performing AIA chasing.
[264540386:5:0619/191936.321711:WARNING:ev_root_ca_metadata.cc(119)] Not implemented
[264540386:5:0619/191936.324711:ERROR:cert_verify_proc_builtin.cc(625)] No net_fetcher for performing AIA chasing.
QNX:Stub:ORR:0
QNX:Stub:ORR:1 preHeadQNX:RH:0
QNX:RH:1 reqTime
QNX:RH:2 respTime
QNX:RH:3 headers
QNX:RH:3b mime
QNX:RH:4 charset
QNX:RH:5 ctpolicy
QNX:RH:6 loadtiming
QNX:RH:7 conninfo
QNX:RH:8 alpn
QNX:RH:9 proxy
QNX:RH:10 ssl
QNX:RH:11 cors
QNX:RH:12 respstart
QNX:RH:13 parsedheaders
QNX:RH:14 prefetchtoken
QNX:RH:15 dnsaliases
QNX:RH:16 webbundle
QNX:RH:17 triggerverif
QNX:RH:18 pnapreflight
QNX:RH:19 done-premove
QNX:RH:20 done-postmove
QNX:Stub:ORR:2 postHeadQNX:Stub:ORR:2b preBody
QNX:Stub:ORR:2c postBodyTake
QNX:Stub:ORR:3 postBodyQNX:Stub:ORR:4 postMetaQNX:Stub:ORR:5 preImplQNX:Stub:ORR:6 postImplQNX:Stub:ORR:0
QNX:Stub:ORR:1 preHeadQNX:RH:0
QNX:RH:1 reqTime
QNX:RH:2 respTime
QNX:RH:3 headers
QNX:RH:3b mime
QNX:RH:4 charset
QNX:RH:5 ctpolicy
QNX:RH:6 loadtiming
QNX:RH:7 conninfo
QNX:RH:8 alpn
QNX:RH:9 proxy
QNX:RH:10 ssl
QNX:RH:11 cors
QNX:RH:12 respstart
QNX:RH:13 parsedheaders
QNX:RH:14 prefetchtoken
QNX:RH:15 dnsaliases
QNX:RH:16 webbundle
QNX:RH:17 triggerverif
QNX:RH:18 pnapreflight
QNX:RH:19 done-premove
QNX:RH:20 done-postmove
QNX:Stub:ORR:2 postHeadQNX:Stub:ORR:2b preBody
QNX:Stub:ORR:2c postBodyTake
QNX:Stub:ORR:3 postBodyQNX:Stub:ORR:4 postMetaQNX:Stub:ORR:5 preImplQNX:Stub:ORR:6 postImplQNX:Stub:ORR:0
QNX:Stub:ORR:1 preHeadQNX:RH:0
QNX:RH:1 reqTime
QNX:RH:2 respTime
QNX:RH:3 headers
QNX:RH:3b mime
QNX:RH:4 charset
QNX:RH:5 ctpolicy
QNX:RH:6 loadtiming
QNX:RH:7 conninfo
QNX:RH:8 alpn
QNX:RH:9 proxy
QNX:RH:10 ssl
QNX:RH:11 cors
QNX:RH:12 respstart
QNX:RH:13 parsedheaders
QNX:RH:14 prefetchtoken
QNX:RH:15 dnsaliases
QNX:RH:16 webbundle
QNX:RH:17 triggerverif
QNX:RH:18 pnapreflight
QNX:RH:19 done-premove
QNX:RH:20 done-postmove
QNX:Stub:ORR:2 postHeadQNX:Stub:ORR:2b preBody
QNX:Stub:ORR:2c postBodyTake
QNX:Stub:ORR:3 postBodyQNX:Stub:ORR:4 postMetaQNX:Stub:ORR:5 preImplQNX:Stub:ORR:6 postImplQNX:Stub:ORR:0
QNX:Stub:ORR:1 preHeadQNX:RH:0
QNX:RH:1 reqTime
QNX:RH:2 respTime
QNX:RH:3 headers
QNX:RH:3b mime
QNX:RH:4 charset
QNX:RH:5 ctpolicy
QNX:RH:6 loadtiming
QNX:RH:7 conninfo
QNX:RH:8 alpn
QNX:RH:9 proxy
QNX:RH:10 ssl
QNX:RH:11 cors
QNX:RH:12 respstart
QNX:RH:13 parsedheaders
QNX:RH:14 prefetchtoken
QNX:RH:15 dnsaliases
QNX:RH:16 webbundle
QNX:RH:17 triggerverif
QNX:RH:18 pnapreflight
QNX:RH:19 done-premove
QNX:RH:20 done-postmove
QNX:Stub:ORR:2 postHeadQNX:Stub:ORR:2b preBody
QNX:Stub:ORR:2c postBodyTake
QNX:Stub:ORR:3 postBodyQNX:Stub:ORR:4 postMetaQNX:Stub:ORR:5 preImplQNX:Stub:ORR:6 postImplKBD:evt type=12
KBD:evt type=100
KBD:evt type=101
KBD:evt type=101
KBD:evt type=101
KBD:evt type=101
KBD:evt type=101
KBD:evt type=101
KBD:evt type=101
KBD:evt type=101
KBD:evt type=101
KBD:evt type=101
KBD:evt type=101
KBD:evt type=101
KBD:evt type=101
KBD:evt type=101
KBD:evt type=101
KBD:evt type=101
KBD:evt type=101
KBD:evt type=101
KBD:evt type=101
KBD:evt type=101
KBD:evt type=101
KBD:evt type=101
KBD:evt type=101
KBD:evt type=101
KBD:evt type=101
KBD:evt type=101
KBD:evt type=101
KBD:evt type=101
KBD:evt type=101
KBD:evt type=101
KBD:evt type=101
KBD:evt type=101
KBD:evt type=101
KBD:evt type=101
KBD:evt type=101
KBD:evt type=101
KBD:evt type=101
KBD:evt type=101
KBD:evt type=101
KBD:evt type=101
KBD:evt type=101
KBD:evt type=101
KBD:evt type=101
KBD:evt type=101
KBD:evt type=101
KBD:evt type=101
KBD:evt type=101
KBD:evt type=101
KBD:evt type=101
KBD:evt type=101
KBD:evt type=101
KBD:evt type=101
KBD:evt type=101
KBD:evt type=101
KBD:evt type=101
KBD:evt type=101
KBD:evt type=101
KBD:evt type=101
KBD:evt type=102
QNX:Stub:ORR:0
QNX:Stub:ORR:1 preHeadQNX:RH:0
QNX:RH:1 reqTime
QNX:RH:2 respTime
QNX:RH:3 headers
QNX:RH:3b mime
QNX:RH:4 charset
QNX:RH:5 ctpolicy
QNX:RH:6 loadtiming
QNX:RH:7 conninfo
QNX:RH:8 alpn
QNX:RH:9 proxy
QNX:RH:10 ssl
QNX:RH:11 cors
QNX:RH:12 respstart
QNX:RH:13 parsedheaders
QNX:RH:14 prefetchtoken
QNX:RH:15 dnsaliases
QNX:RH:16 webbundle
QNX:RH:17 triggerverif
QNX:RH:18 pnapreflight
QNX:RH:19 done-premove
QNX:RH:20 done-postmove
QNX:Stub:ORR:2 postHeadQNX:Stub:ORR:2b preBody
QNX:Stub:ORR:2c postBodyTake
QNX:Stub:ORR:3 postBodyQNX:Stub:ORR:4 postMetaQNX:Stub:ORR:5 preImplQNX:Stub:ORR:6 postImplQNX:Stub:ORR:0
QNX:Stub:ORR:1 preHeadQNX:RH:0
QNX:RH:1 reqTime
QNX:RH:2 respTime
QNX:RH:3 headers
QNX:RH:3b mime
QNX:RH:4 charset
QNX:RH:5 ctpolicy
QNX:RH:6 loadtiming
QNX:RH:7 conninfo
QNX:RH:8 alpn
QNX:RH:9 proxy
QNX:RH:10 ssl
QNX:RH:11 cors
QNX:RH:12 respstart
QNX:RH:13 parsedheaders
QNX:RH:14 prefetchtoken
QNX:RH:15 dnsaliases
QNX:RH:16 webbundle
QNX:RH:17 triggerverif
QNX:RH:18 pnapreflight
QNX:RH:19 done-premove
QNX:RH:20 done-postmove
QNX:Stub:ORR:2 postHeadQNX:Stub:ORR:2b preBody
QNX:Stub:ORR:2c postBodyTake
QNX:Stub:ORR:3 postBodyQNX:Stub:ORR:4 postMetaQNX:Stub:ORR:5 preImplQNX:Stub:ORR:6 postImplQNX:Stub:ORR:0
QNX:Stub:ORR:1 preHeadQNX:RH:0
QNX:RH:1 reqTime
QNX:RH:2 respTime
QNX:RH:3 headers
QNX:RH:3b mime
QNX:RH:4 charset
QNX:RH:5 ctpolicy
QNX:RH:6 loadtiming
QNX:RH:7 conninfo
QNX:RH:8 alpn
QNX:RH:9 proxy
QNX:RH:10 ssl
QNX:RH:11 cors
QNX:RH:12 respstart
QNX:RH:13 parsedheaders
QNX:RH:14 prefetchtoken
QNX:RH:15 dnsaliases
QNX:RH:16 webbundle
QNX:RH:17 triggerverif
QNX:RH:18 pnapreflight
QNX:RH:19 done-premove
QNX:RH:20 done-postmove
QNX:Stub:ORR:2 postHeadQNX:Stub:ORR:2b preBody
QNX:Stub:ORR:2c postBodyTake
QNX:Stub:ORR:3 postBodyQNX:Stub:ORR:4 postMetaQNX:Stub:ORR:5 preImplQNX:Stub:ORR:6 postImplQNX:Stub:ORR:0
QNX:Stub:ORR:1 preHeadQNX:RH:0
QNX:RH:1 reqTime
QNX:RH:2 respTime
QNX:RH:3 headers
QNX:RH:3b mime
QNX:RH:4 charset
QNX:RH:5 ctpolicy
QNX:RH:6 loadtiming
QNX:RH:7 conninfo
QNX:RH:8 alpn
QNX:RH:9 proxy
QNX:RH:10 ssl
QNX:RH:11 cors
QNX:RH:12 respstart
QNX:RH:13 parsedheaders
QNX:RH:14 prefetchtoken
QNX:RH:15 dnsaliases
QNX:RH:16 webbundle
QNX:RH:17 triggerverif
QNX:RH:18 pnapreflight
QNX:RH:19 done-premove
QNX:RH:20 done-postmove
QNX:Stub:ORR:2 postHeadQNX:Stub:ORR:2b preBody
QNX:Stub:ORR:2c postBodyTake
QNX:Stub:ORR:3 postBodyQNX:Stub:ORR:4 postMetaQNX:Stub:ORR:5 preImplQNX:Stub:ORR:6 postImplQNX:Stub:ORR:0
QNX:Stub:ORR:1 preHeadQNX:RH:0
QNX:RH:1 reqTime
QNX:RH:2 respTime
QNX:RH:3 headers
QNX:RH:3b mime
QNX:RH:4 charset
QNX:RH:5 ctpolicy
QNX:RH:6 loadtiming
QNX:RH:7 conninfo
QNX:RH:8 alpn
QNX:RH:9 proxy
QNX:RH:10 ssl
QNX:RH:11 cors
QNX:RH:12 respstart
QNX:RH:13 parsedheaders
QNX:RH:14 prefetchtoken
QNX:RH:15 dnsaliases
QNX:RH:16 webbundle
QNX:RH:17 triggerverif
QNX:RH:18 pnapreflight
QNX:RH:19 done-premove
QNX:RH:20 done-postmove
QNX:Stub:ORR:2 postHeadQNX:Stub:ORR:2b preBody
QNX:Stub:ORR:2c postBodyTake
QNX:Stub:ORR:3 postBodyQNX:Stub:ORR:4 postMetaQNX:Stub:ORR:5 preImplQNX:Stub:ORR:6 postImplQNX:Stub:ORR:0
QNX:Stub:ORR:1 preHeadQNX:RH:0
QNX:RH:1 reqTime
QNX:RH:2 respTime
QNX:RH:3 headers
QNX:RH:3b mime
QNX:RH:4 charset
QNX:RH:5 ctpolicy
QNX:RH:6 loadtiming
QNX:RH:7 conninfo
QNX:RH:8 alpn
QNX:RH:9 proxy
QNX:RH:10 ssl
QNX:RH:11 cors
QNX:RH:12 respstart
QNX:RH:13 parsedheaders
QNX:RH:14 prefetchtoken
QNX:RH:15 dnsaliases
QNX:RH:16 webbundle
QNX:RH:17 triggerverif
QNX:RH:18 pnapreflight
QNX:RH:19 done-premove
QNX:RH:20 done-postmove
QNX:Stub:ORR:2 postHeadQNX:Stub:ORR:2b preBody
QNX:Stub:ORR:2c postBodyTake
QNX:Stub:ORR:3 postBodyQNX:Stub:ORR:4 postMetaQNX:Stub:ORR:5 preImplQNX:Stub:ORR:6 postImplQNX:Stub:ORR:0
QNX:Stub:ORR:1 preHeadQNX:RH:0
QNX:RH:1 reqTime
QNX:RH:2 respTime
QNX:RH:3 headers
QNX:RH:3b mime
QNX:RH:4 charset
QNX:RH:5 ctpolicy
QNX:RH:6 loadtiming
QNX:RH:7 conninfo
QNX:RH:8 alpn
QNX:RH:9 proxy
QNX:RH:10 ssl
QNX:RH:11 cors
QNX:RH:12 respstart
QNX:RH:13 parsedheaders
QNX:RH:14 prefetchtoken
QNX:RH:15 dnsaliases
QNX:RH:16 webbundle
QNX:RH:17 triggerverif
QNX:RH:18 pnapreflight
QNX:RH:19 done-premove
QNX:RH:20 done-postmove
QNX:Stub:ORR:2 postHeadQNX:Stub:ORR:2b preBody
QNX:Stub:ORR:2c postBodyTake
QNX:Stub:ORR:3 postBodyQNX:Stub:ORR:4 postMetaQNX:Stub:ORR:5 preImplQNX:Stub:ORR:6 postImplQNX:Stub:ORR:0
QNX:Stub:ORR:1 preHeadQNX:RH:0
QNX:RH:1 reqTime
QNX:RH:2 respTime
QNX:RH:3 headers
QNX:RH:3b mime
QNX:RH:4 charset
QNX:RH:5 ctpolicy
QNX:RH:6 loadtiming
QNX:RH:7 conninfo
QNX:RH:8 alpn
QNX:RH:9 proxy
QNX:RH:10 ssl
QNX:RH:11 cors
QNX:RH:12 respstart
QNX:RH:13 parsedheaders
QNX:RH:14 prefetchtoken
QNX:RH:15 dnsaliases
QNX:RH:16 webbundle
QNX:RH:17 triggerverif
QNX:RH:18 pnapreflight
QNX:RH:19 done-premove
QNX:RH:20 done-postmove
QNX:Stub:ORR:2 postHeadQNX:Stub:ORR:2b preBody
QNX:Stub:ORR:2c postBodyTake
QNX:Stub:ORR:3 postBodyQNX:Stub:ORR:4 postMetaQNX:Stub:ORR:5 preImplQNX:Stub:ORR:6 postImplKBD:evt type=100
KBD:evt type=100
KBD:evt type=101
KBD:evt type=101
KBD:evt type=101
KBD:evt type=101
KBD:evt type=101
KBD:evt type=101
KBD:evt type=101
KBD:evt type=101
KBD:evt type=101
KBD:evt type=101
KBD:evt type=101
KBD:evt type=101
KBD:evt type=101
KBD:evt type=101
KBD:evt type=101
KBD:evt type=101
KBD:evt type=101
KBD:evt type=101
KBD:evt type=101
KBD:evt type=101
KBD:evt type=101
KBD:evt type=101
KBD:evt type=101
KBD:evt type=101
KBD:evt type=101
KBD:evt type=101
KBD:evt type=101
KBD:evt type=101
KBD:evt type=101
KBD:evt type=101
KBD:evt type=101
KBD:evt type=101
KBD:evt type=101
KBD:evt type=101
KBD:evt type=101
KBD:evt type=101
KBD:evt type=101
KBD:evt type=101
KBD:evt type=101
KBD:evt type=101
KBD:evt type=101
KBD:evt type=101
KBD:evt type=101
KBD:evt type=101
KBD:evt type=101
KBD:evt type=101
KBD:evt type=101
KBD:evt type=101
KBD:evt type=101
KBD:evt type=101
KBD:evt type=101
KBD:evt type=101
KBD:evt type=101
KBD:evt type=101
KBD:evt type=101
KBD:evt type=101
KBD:evt type=101
KBD:evt type=101
KBD:evt type=101
KBD:evt type=101
KBD:evt type=101
KBD:evt type=101
KBD:evt type=101
KBD:evt type=101
KBD:evt type=101
KBD:evt type=101
KBD:evt type=101
KBD:evt type=101
KBD:evt type=101
KBD:evt type=101
KBD:evt type=101
KBD:evt type=101
KBD:evt type=101
KBD:evt type=101
KBD:evt type=101
KBD:evt type=101
KBD:evt type=101
KBD:evt type=101
KBD:evt type=101
KBD:evt type=101
KBD:evt type=101
KBD:evt type=101
KBD:evt type=101
KBD:evt type=101
KBD:evt type=101
KBD:evt type=101
KBD:evt type=101
KBD:evt type=101
KBD:evt type=101
KBD:evt type=101
KBD:evt type=101
KBD:evt type=101
KBD:evt type=101
KBD:evt type=101
KBD:evt type=101
KBD:evt type=101
KBD:evt type=101
KBD:evt type=101
KBD:evt type=101
KBD:evt type=101
KBD:evt type=101
KBD:evt type=101
KBD:evt type=101
KBD:evt type=101
KBD:evt type=101
KBD:evt type=101
KBD:evt type=101
KBD:evt type=101
KBD:evt type=101
KBD:evt type=101
KBD:evt type=101
KBD:evt type=101
KBD:evt type=101
KBD:evt type=101
KBD:evt type=101
KBD:evt type=101
KBD:evt type=101
KBD:evt type=101
KBD:evt type=101
KBD:evt type=101
KBD:evt type=101
KBD:evt type=101
KBD:evt type=101
KBD:evt type=101
KBD:evt type=101
KBD:evt type=101
KBD:evt type=101
KBD:evt type=101
KBD:evt type=101
KBD:evt type=101
KBD:evt type=101
KBD:evt type=101
KBD:evt type=101
KBD:evt type=101
KBD:evt type=101
KBD:evt type=101
KBD:evt type=101
KBD:evt type=101
KBD:evt type=101
KBD:evt type=101
KBD:evt type=101
KBD:evt type=101
KBD:evt type=101
KBD:evt type=101
KBD:evt type=101
KBD:evt type=101
KBD:evt type=101
KBD:evt type=101
KBD:evt type=101
KBD:evt type=101
KBD:evt type=101
KBD:evt type=101
KBD:evt type=101
KBD:evt type=101
KBD:evt type=101
KBD:evt type=101
KBD:evt type=101
KBD:evt type=101
KBD:evt type=101
KBD:evt type=101
KBD:evt type=101
KBD:evt type=101
KBD:evt type=101
KBD:evt type=101
KBD:evt type=101
KBD:evt type=101
KBD:evt type=102
KBD:evt type=101
KBD:evt type=101
KBD:evt type=102
KBD:evt type=100
KBD:evt type=101
KBD:evt type=101
KBD:evt type=101
KBD:evt type=101
KBD:evt type=102
QNX:SYNC:wait tid=13 name=5 excl=0 iface=blink.mojom.StorageArea
QNX:SYNC:done tid=13 name=5 recv=1 iface=blink.mojom.StorageArea
QNX:SYNC:wait tid=13 name=4 excl=0 iface=network.mojom.RestrictedCookieManager

QNX:CRASH tid=10 sig=?(10) code=1 fault=0x76678318 pc=0x3274782 lr=0x3274721 sp=0x76677fc0
QNX:PC /accounts/1000/appdata/com.sw7ft.BerryShell.testDev__BerryShellf5089f54/app/native/content_shell:_ZStplIcSt11char_traitsIcESaIcEESbIT_T0_T1_EPKS3_RKS6_+0x2657055
QNX:LR /accounts/1000/appdata/com.sw7ft.BerryShell.testDev__BerryShellf5089f54/app/native/content_shell:_ZStplIcSt11char_traitsIcESaIcEESbIT_T0_T1_EPKS3_RKS6_+0x2656ff4
QNX:EXEBASE 0x10000 /accounts/1000/appdata/com.sw7ft.BerryShell.testDev__BerryShellf5089f54/app/native/content_shell
QNX:R0-3 0x0 0x76678050 0x0 0x76678150
QNX:R4-7 0x76678318 0x76677ff8 0x76678238 0x76678108
QNX:R8-11 0x76678008 0x766782a0 0x766781c0 0x76677fd8
QNX:R12-15 0x76678028 0x76677fc0 0x3274721 0x3274782
QNX:STACKABS: 32b8d00 3289abc 3289ae6 32cfe98 32b7eb6 32cf794 32b46a6 328a360 32b515c 32b5054 323e3a4 51b23e0 51aeb52 5676f0 51f13b0 51aeaf0 51f726c 51f6fda 51fd082 51fb6d8 51fc654 51fb23c 2010e00 51fbe16 2010e00 2010e00 2010e00 2010e00 2010e00 2010e00 2010e00 51ece2a 29f6400 51db3f4 10012 5207d7c 29f642e 52084f2 29c6150 520782e
Received signal 10 BUS_ADRALN 000076678318
[end of stack trace]
